Component: ARM Compiler 5.06 update 6 (build 750) Tool: armlink [4d35ed]

==============================================================================

Section Cross References

    startup_stm32f411xe.o(STACK) refers (Special) to heapauxi.o(.text) for __use_two_region_memory
    startup_stm32f411xe.o(HEAP) refers (Special) to heapauxi.o(.text) for __use_two_region_memory
    startup_stm32f411xe.o(RESET) refers (Special) to heapauxi.o(.text) for __use_two_region_memory
    startup_stm32f411xe.o(RESET) refers to startup_stm32f411xe.o(STACK) for __initial_sp
    startup_stm32f411xe.o(RESET) refers to startup_stm32f411xe.o(.text) for Reset_Handler
    startup_stm32f411xe.o(RESET) refers to stm32f4xx_it.o(i.NMI_Handler) for NMI_Handler
    startup_stm32f411xe.o(RESET) refers to stm32f4xx_it.o(i.HardFault_Handler) for HardFault_Handler
    startup_stm32f411xe.o(RESET) refers to stm32f4xx_it.o(i.MemManage_Handler) for MemManage_Handler
    startup_stm32f411xe.o(RESET) refers to stm32f4xx_it.o(i.BusFault_Handler) for BusFault_Handler
    startup_stm32f411xe.o(RESET) refers to stm32f4xx_it.o(i.UsageFault_Handler) for UsageFault_Handler
    startup_stm32f411xe.o(RESET) refers to stm32f4xx_it.o(i.SVC_Handler) for SVC_Handler
    startup_stm32f411xe.o(RESET) refers to stm32f4xx_it.o(i.DebugMon_Handler) for DebugMon_Handler
    startup_stm32f411xe.o(RESET) refers to stm32f4xx_it.o(i.PendSV_Handler) for PendSV_Handler
    startup_stm32f411xe.o(RESET) refers to stm32f4xx_it.o(i.SysTick_Handler) for SysTick_Handler
    startup_stm32f411xe.o(.text) refers (Special) to heapauxi.o(.text) for __use_two_region_memory
    startup_stm32f411xe.o(.text) refers to system_stm32f4xx.o(i.SystemInit) for SystemInit
    startup_stm32f411xe.o(.text) refers to __main.o(!!!main) for __main
    startup_stm32f411xe.o(.text) refers to startup_stm32f411xe.o(HEAP) for Heap_Mem
    startup_stm32f411xe.o(.text) refers to startup_stm32f411xe.o(STACK) for Stack_Mem
    main.o(i.Bird_Fly) refers to ili9225.o(i.fill_rectangle) for fill_rectangle
    main.o(i.Bird_Fly) refers to stm32f4xx_hal.o(i.HAL_Delay) for HAL_Delay
    main.o(i.Bird_Fly) refers to ili9225.o(i.draw_map) for draw_map
    main.o(i.Bird_Fly) refers to main.o(.data) for bird_image
    main.o(i.Buzzer_PlayTone) refers to main.o(i.Buzzer_SetFrequency) for Buzzer_SetFrequency
    main.o(i.Draw_Pillar) refers to ili9225.o(i.fill_rectangle) for fill_rectangle
    main.o(i.Game_Over) refers to ili9225.o(i.fill_rectangle) for fill_rectangle
    main.o(i.Game_Over) refers to ili9225.o(i.draw_string) for draw_string
    main.o(i.Game_Over) refers to ili9225.o(i.draw_char) for draw_char
    main.o(i.Game_Over) refers to main.o(i.is_button_pressed) for is_button_pressed
    main.o(i.Game_Over) refers to ili9225.o(i.delay_ms) for delay_ms
    main.o(i.Game_Over) refers to main.o(.data) for score
    main.o(i.Init_Game) refers to main.o(i.Init_Heigh_Pill) for Init_Heigh_Pill
    main.o(i.Init_Game) refers to rand.o(.emb_text) for rand
    main.o(i.Init_Game) refers to ili9225.o(i.draw_map) for draw_map
    main.o(i.Init_Game) refers to ili9225.o(i.fill_rectangle) for fill_rectangle
    main.o(i.Init_Game) refers to ili9225.o(i.draw_string) for draw_string
    main.o(i.Init_Game) refers to main.o(i.Print_Score) for Print_Score
    main.o(i.Init_Game) refers to main.o(.data) for score
    main.o(i.Init_Game) refers to main.o(.bss) for list_heigh
    main.o(i.Init_Heigh_Pill) refers to main.o(.bss) for list_heigh
    main.o(i.MX_GPIO_Init) refers to rt_memclr_w.o(.text) for __aeabi_memclr4
    main.o(i.MX_GPIO_Init) refers to stm32f4xx_hal_gpio.o(i.HAL_GPIO_WritePin) for HAL_GPIO_WritePin
    main.o(i.MX_GPIO_Init) refers to stm32f4xx_hal_gpio.o(i.HAL_GPIO_Init) for HAL_GPIO_Init
    main.o(i.MX_SPI1_Init) refers to stm32f4xx_hal_spi.o(i.HAL_SPI_Init) for HAL_SPI_Init
    main.o(i.MX_SPI1_Init) refers to main.o(i.Error_Handler) for Error_Handler
    main.o(i.MX_SPI1_Init) refers to main.o(.bss) for hspi1
    main.o(i.MX_TIM1_Init) refers to rt_memclr_w.o(.text) for __aeabi_memclr4
    main.o(i.MX_TIM1_Init) refers to stm32f4xx_hal_tim.o(i.HAL_TIM_Base_Init) for HAL_TIM_Base_Init
    main.o(i.MX_TIM1_Init) refers to main.o(i.Error_Handler) for Error_Handler
    main.o(i.MX_TIM1_Init) refers to stm32f4xx_hal_tim.o(i.HAL_TIM_ConfigClockSource) for HAL_TIM_ConfigClockSource
    main.o(i.MX_TIM1_Init) refers to stm32f4xx_hal_tim.o(i.HAL_TIM_PWM_Init) for HAL_TIM_PWM_Init
    main.o(i.MX_TIM1_Init) refers to stm32f4xx_hal_tim_ex.o(i.HAL_TIMEx_MasterConfigSynchronization) for HAL_TIMEx_MasterConfigSynchronization
    main.o(i.MX_TIM1_Init) refers to stm32f4xx_hal_tim.o(i.HAL_TIM_PWM_ConfigChannel) for HAL_TIM_PWM_ConfigChannel
    main.o(i.MX_TIM1_Init) refers to stm32f4xx_hal_tim_ex.o(i.HAL_TIMEx_ConfigBreakDeadTime) for HAL_TIMEx_ConfigBreakDeadTime
    main.o(i.MX_TIM1_Init) refers to stm32f4xx_hal_msp.o(i.HAL_TIM_MspPostInit) for HAL_TIM_MspPostInit
[...]
    ../clib/signal.c                         0x00000000   Number         0  defsig_abrt_inner.o ABSOLUTE
    ../clib/signal.c                         0x00000000   Number         0  defsig_fpe_inner.o ABSOLUTE
    ../clib/signal.s                         0x00000000   Number         0  defsig.o ABSOLUTE
    ../clib/stdlib.c                         0x00000000   Number         0  exit.o ABSOLUTE
    ../clib/stdlib.c                         0x00000000   Number         0  rand.o ABSOLUTE
    ../clib/stdlib.c                         0x00000000   Number         0  rand.o ABSOLUTE
    ../fplib/basic.s                         0x00000000   Number         0  basic.o ABSOLUTE
    ../fplib/daddsub.s                       0x00000000   Number         0  daddsub_clz.o ABSOLUTE
    ../fplib/dcmpi.s                         0x00000000   Number         0  dcmpi.o ABSOLUTE
    ../fplib/ddiv.s                          0x00000000   Number         0  ddiv.o ABSOLUTE
    ../fplib/deqf.s                          0x00000000   Number         0  deqf.o ABSOLUTE
    ../fplib/dfix.s                          0x00000000   Number         0  dfix.o ABSOLUTE
    ../fplib/dfixu.s                         0x00000000   Number         0  dfixu.o ABSOLUTE
    ../fplib/dflt.s                          0x00000000   Number         0  dflt_clz.o ABSOLUTE
    ../fplib/dmul.s                          0x00000000   Number         0  dmul.o ABSOLUTE
    ../fplib/dnaninf.s                       0x00000000   Number         0  dnaninf.o ABSOLUTE
    ../fplib/dretinf.s                       0x00000000   Number         0  dretinf.o ABSOLUTE
    ../fplib/fpinit.s                        0x00000000   Number         0  fpinit.o ABSOLUTE
    ../fplib/usenofp.s                       0x00000000   Number         0  usenofp.o ABSOLUTE
    ../mathlib/cos.c                         0x00000000   Number         0  cos.o ABSOLUTE
    ../mathlib/cos.c                         0x00000000   Number         0  cos_x.o ABSOLUTE
    ../mathlib/cos_i.c                       0x00000000   Number         0  cos_i.o ABSOLUTE
    ../mathlib/dunder.c                      0x00000000   Number         0  dunder.o ABSOLUTE
    ../mathlib/fabs.c                        0x00000000   Number         0  fabs.o ABSOLUTE
    ../mathlib/fpclassify.c                  0x00000000   Number         0  fpclassify.o ABSOLUTE
    ../mathlib/poly.c                        0x00000000   Number         0  poly.o ABSOLUTE
    ../mathlib/rred.c                        0x00000000   Number         0  rred.o ABSOLUTE
    ../mathlib/sin.c                         0x00000000   Number         0  sin_x.o ABSOLUTE
    ../mathlib/sin.c                         0x00000000   Number         0  sin.o ABSOLUTE
    ../mathlib/sin_i.c                       0x00000000   Number         0  sin_i_x.o ABSOLUTE
    ../mathlib/sin_i.c                       0x00000000   Number         0  sin_i.o ABSOLUTE
    ..\..\..\..\..\..\Image.c                0x00000000   Number         0  image.o ABSOLUTE
    ..\..\..\..\HcubedLib\ili9225(hal)\ILI9225.c 0x00000000   Number         0  ili9225.o ABSOLUTE
    ..\..\..\..\HcubedLib\snake\snake.c      0x00000000   Number         0  snake.o ABSOLUTE
    ..\Core\Src\main.c                       0x00000000   Number         0  main.o ABSOLUTE
    ..\Core\Src\stm32f4xx_hal_msp.c          0x00000000   Number         0  stm32f4xx_hal_msp.o ABSOLUTE
    ..\Core\Src\stm32f4xx_it.c               0x00000000   Number         0  stm32f4xx_it.o ABSOLUTE
    ..\Core\Src\system_stm32f4xx.c           0x00000000   Number         0  system_stm32f4xx.o ABSOLUTE
    ..\Drivers\STM32F4xx_HAL_Driver\Src\stm32f4xx_hal.c 0x00000000   Number         0  stm32f4xx_hal.o ABSOLUTE
    ..\Drivers\STM32F4xx_HAL_Driver\Src\stm32f4xx_hal_cortex.c 0x00000000   Number         0  stm32f4xx_hal_cortex.o ABSOLUTE
    ..\Drivers\STM32F4xx_HAL_Driver\Src\stm32f4xx_hal_dma.c 0x00000000   Number         0  stm32f4xx_hal_dma.o ABSOLUTE
    ..\Drivers\STM32F4xx_HAL_Driver\Src\stm32f4xx_hal_dma_ex.c 0x00000000   Number         0  stm32f4xx_hal_dma_ex.o ABSOLUTE
    ..\Drivers\STM32F4xx_HAL_Driver\Src\stm32f4xx_hal_exti.c 0x00000000   Number         0  stm32f4xx_hal_exti.o ABSOLUTE
    ..\Drivers\STM32F4xx_HAL_Driver\Src\stm32f4xx_hal_flash.c 0x00000000   Number         0  stm32f4xx_hal_flash.o ABSOLUTE
    ..\Drivers\STM32F4xx_HAL_Driver\Src\stm32f4xx_hal_flash_ex.c 0x00000000   Number         0  stm32f4xx_hal_flash_ex.o ABSOLUTE
    ..\Drivers\STM32F4xx_HAL_Driver\Src\stm32f4xx_hal_flash_ramfunc.c 0x00000000   Number         0  stm32f4xx_hal_flash_ramfunc.o ABSOLUTE
    ..\Drivers\STM32F4xx_HAL_Driver\Src\stm32f4xx_hal_gpio.c 0x00000000   Number         0  stm32f4xx_hal_gpio.o ABSOLUTE
    ..\Drivers\STM32F4xx_HAL_Driver\Src\stm32f4xx_hal_pwr.c 0x00000000   Number         0  stm32f4xx_hal_pwr.o ABSOLUTE
    ..\Drivers\STM32F4xx_HAL_Driver\Src\stm32f4xx_hal_pwr_ex.c 0x00000000   Number         0  stm32f4xx_hal_pwr_ex.o ABSOLUTE
    ..\Drivers\STM32F4xx_HAL_Driver\Src\stm32f4xx_hal_rcc.c 0x00000000   Number         0  stm32f4xx_hal_rcc.o ABSOLUTE
    ..\Drivers\STM32F4xx_HAL_Driver\Src\stm32f4xx_hal_rcc_ex.c 0x00000000   Number         0  stm32f4xx_hal_rcc_ex.o ABSOLUTE
    ..\Drivers\STM32F4xx_HAL_Driver\Src\stm32f4xx_hal_spi.c 0x00000000   Number         0  stm32f4xx_hal_spi.o ABSOLUTE
    ..\Drivers\STM32F4xx_HAL_Driver\Src\stm32f4xx_hal_tim.c 0x00000000   Number         0  stm32f4xx_hal_tim.o ABSOLUTE
    ..\Drivers\STM32F4xx_HAL_Driver\Src\stm32f4xx_hal_tim_ex.c 0x00000000   Number         0  stm32f4xx_hal_tim_ex.o ABSOLUTE
    ..\\..\\..\\..\\HcubedLib\\ili9225(hal)\\ILI9225.c 0x00000000   Number         0  ili9225.o ABSOLUTE
    ..\\..\\..\\..\\HcubedLib\\snake\\snake.c 0x00000000   Number         0  snake.o ABSOLUTE
    dc.s                                     0x00000000   Number         0  dc.o ABSOLUTE
    startup_stm32f411xe.s                    0x00000000   Number         0  startup_stm32f411xe.o ABSOLUTE
    RESET                                    0x08000000   Section      408  startup_stm32f411xe.o(RESET)
    !!!main                                  0x08000198   Section        8  __main.o(!!!main)
    !!!scatter                               0x080001a0   Section       52  __scatter.o(!!!scatter)
    !!dczerorl2                              0x080001d4   Section       90  __dczerorl2.o(!!dczerorl2)
    !!handler_zi                             0x08000230   Section       28  __scatter_zi.o(!!handler_zi)
    .ARM.Collect$$_printf_percent$$00000000  0x0800024c   Section        0  _printf_percent.o(.ARM.Collect$$_printf_percent$$00000000)
    .ARM.Collect$$_printf_percent$$00000009  0x0800024c   Section        6  _printf_d.o(.ARM.Collect$$_printf_percent$$00000009)
    .ARM.Collect$$_printf_percent$$00000017  0x08000252   Section        4  _printf_percent_end.o(.ARM.Collect$$_printf_percent$$00000017)
    .ARM.Collect$$libinit$$00000000          0x08000256   Section        2  libinit.o(.ARM.Collect$$libinit$$00000000)
    .ARM.Collect$$libinit$$00000001          0x08000258   Section        4  libinit2.o(.ARM.Collect$$libinit$$00000001)
    .ARM.Collect$$libinit$$00000004          0x0800025c   Section        0  libinit2.o(.ARM.Collect$$libinit$$00000004)
    .ARM.Collect$$libinit$$0000000A          0x0800025c   Section        0  libinit2.o(.ARM.Collect$$libinit$$0000000A)
    .ARM.Collect$$libinit$$0000000C          0x0800025c   Section        0  libinit2.o(.ARM.Collect$$libinit$$0000000C)
    .ARM.Collect$$libinit$$0000000D          0x0800025c   Section        4  libinit2.o(.ARM.Collect$$libinit$$0000000D)
    .ARM.Collect$$libinit$$0000000E          0x08000260   Section        0  libinit2.o(.ARM.Collect$$libinit$$0000000E)
    .ARM.Collect$$libinit$$00000011          0x08000260   Section        0  libinit2.o(.ARM.Collect$$libinit$$00000011)
    .ARM.Collect$$libinit$$00000013          0x08000260   Section        0  libinit2.o(.ARM.Collect$$libinit$$00000013)
    .ARM.Collect$$libinit$$00000015          0x08000260   Section        0  libinit2.o(.ARM.Collect$$libinit$$00000015)
    .ARM.Collect$$libinit$$00000017          0x08000260   Section        0  libinit2.o(.ARM.Collect$$libinit$$00000017)
    .ARM.Collect$$libinit$$00000019          0x08000260   Section        0  libinit2.o(.ARM.Collect$$libinit$$00000019)
    .ARM.Collect$$libinit$$0000001B          0x08000260   Section        0  libinit2.o(.ARM.Collect$$libinit$$0000001B)
    .ARM.Collect$$libinit$$0000001D          0x08000260   Section        0  libinit2.o(.ARM.Collect$$libinit$$0000001D)
    .ARM.Collect$$libinit$$0000001F          0x08000260   Section        0  libinit2.o(.ARM.Collect$$libinit$$0000001F)
    .ARM.Collect$$libinit$$00000021          0x08000260   Section        0  libinit2.o(.ARM.Collect$$libinit$$00000021)
    .ARM.Collect$$libinit$$00000023          0x08000260   Section        0  libinit2.o(.ARM.Collect$$libinit$$00000023)
    .ARM.Collect$$libinit$$00000025          0x08000260   Section        0  libinit2.o(.ARM.Collect$$libinit$$00000025)
    .ARM.Collect$$libinit$$0000002C          0x08000260   Section        0  libinit2.o(.ARM.Collect$$libinit$$0000002C)
    .ARM.Collect$$libinit$$0000002E          0x08000260   Section        0  libinit2.o(.ARM.Collect$$libinit$$0000002E)
    .ARM.Collect$$libinit$$00000030          0x08000260   Section        0  libinit2.o(.ARM.Collect$$libinit$$00000030)
    .ARM.Collect$$libinit$$00000032          0x08000260   Section        0  libinit2.o(.ARM.Collect$$libinit$$00000032)
    .ARM.Collect$$libinit$$00000033          0x08000260   Section        2  libinit2.o(.ARM.Collect$$libinit$$00000033)
    .ARM.Collect$$libshutdown$$00000000      0x08000262   Section        2  libshutdown.o(.ARM.Collect$$libshutdown$$00000000)
    .ARM.Collect$$libshutdown$$00000002      0x08000264   Section        0  libshutdown2.o(.ARM.Collect$$libshutdown$$00000002)
    .ARM.Collect$$libshutdown$$00000004      0x08000264   Section        0  libshutdown2.o(.ARM.Collect$$libshutdown$$00000004)
    .ARM.Collect$$libshutdown$$00000007      0x08000264   Section        0  libshutdown2.o(.ARM.Collect$$libshutdown$$00000007)
    .ARM.Collect$$libshutdown$$0000000A      0x08000264   Section        0  libshutdown2.o(.ARM.Collect$$libshutdown$$0000000A)
    .ARM.Collect$$libshutdown$$0000000C      0x08000264   Section        0  libshutdown2.o(.ARM.Collect$$libshutdown$$0000000C)
    .ARM.Collect$$libshutdown$$0000000F      0x08000264   Section        0  libshutdown2.o(.ARM.Collect$$libshutdown$$0000000F)
    .ARM.Collect$$libshutdown$$00000010      0x08000264   Section        2  libshutdown2.o(.ARM.Collect$$libshutdown$$00000010)
    .ARM.Collect$$rtentry$$00000000          0x08000266   Section        0  __rtentry.o(.ARM.Collect$$rtentry$$00000000)
    .ARM.Collect$$rtentry$$00000002          0x08000266   Section        0  __rtentry2.o(.ARM.Collect$$rtentry$$00000002)
    .ARM.Collect$$rtentry$$00000004          0x08000266   Section        6  __rtentry4.o(.ARM.Collect$$rtentry$$00000004)
    .ARM.Collect$$rtentry$$00000009          0x0800026c   Section        0  __rtentry2.o(.ARM.Collect$$rtentry$$00000009)
    .ARM.Collect$$rtentry$$0000000A          0x0800026c   Section        4  __rtentry2.o(.ARM.Collect$$rtentry$$0000000A)
    .ARM.Collect$$rtentry$$0000000C          0x08000270   Section        0  __rtentry2.o(.ARM.Collect$$rtentry$$0000000C)
    .ARM.Collect$$rtentry$$0000000D          0x08000270   Section        8  __rtentry2.o(.ARM.Collect$$rtentry$$0000000D)
    .ARM.Collect$$rtexit$$00000000           0x08000278   Section        2  rtexit.o(.ARM.Collect$$rtexit$$00000000)
    .ARM.Collect$$rtexit$$00000002           0x0800027a   Section        0  rtexit2.o(.ARM.Collect$$rtexit$$00000002)
    .ARM.Collect$$rtexit$$00000003           0x0800027a   Section        4  rtexit2.o(.ARM.Collect$$rtexit$$00000003)
    .ARM.Collect$$rtexit$$00000004           0x0800027e   Section        6  rtexit2.o(.ARM.Collect$$rtexit$$00000004)
    .emb_text                                0x08000284   Section       52  rand.o(.emb_text)
    .text                                    0x080002b8   Section       64  startup_stm32f411xe.o(.text)
    $v0                                      0x080002b8   Number         0  startup_stm32f411xe.o(.text)
    .text                                    0x080002f8   Section      238  lludivv7m.o(.text)
    .text                                    0x080003e8   Section        0  noretval__2sprintf.o(.text)
    .text                                    0x08000410   Section        0  __printf.o(.text)
    .text                                    0x08000478   Section        0  _printf_dec.o(.text)
    .text                                    0x080004f0   Section        0  rand.o(.text)
    .text                                    0x0800052c   Section       78  rt_memclr_w.o(.text)
    .text                                    0x0800057a   Section        0  heapauxi.o(.text)
    .text                                    0x08000580   Section        0  _printf_intcommon.o(.text)
    .text                                    0x08000634   Section        0  _printf_char_common.o(.text)
    _printf_input_char                       0x08000635   Thumb Code    10  _printf_char_common.o(.text)
    .text                                    0x08000664   Section        0  _sputc.o(.text)
    .text                                    0x08000670   Section        8  libspace.o(.text)
    .text                                    0x08000678   Section       74  sys_stackheap_outer.o(.text)
    .text                                    0x080006c2   Section        0  exit.o(.text)
    .text                                    0x080006d4   Section        0  sys_exit.o(.text)
    .text                                    0x080006e0   Section        2  use_no_semi.o(.text)
    .text                                    0x080006e2   Section        0  indicate_semi.o(.text)
    i.ADC_init                               0x080006e4   Section        0  main.o(i.ADC_init)
    i.Bird_Fly                               0x08000750   Section        0  main.o(i.Bird_Fly)
    i.BusFault_Handler                       0x0800078c   Section        0  stm32f4xx_it.o(i.BusFault_Handler)
    i.Buzzer_PlayTone                        0x08000790   Section        0  main.o(i.Buzzer_PlayTone)
    i.Buzzer_SetFrequency                    0x080007ec   Section        0  main.o(i.Buzzer_SetFrequency)
    i.DebugMon_Handler                       0x08000820   Section        0  stm32f4xx_it.o(i.DebugMon_Handler)
    i.Draw_Pillar                            0x08000822   Section        0  main.o(i.Draw_Pillar)
    i.Error_Handler                          0x08000894   Section        0  main.o(i.Error_Handler)
    i.Game_Over                              0x0800089c   Section        0  main.o(i.Game_Over)
    i.HAL_Delay                              0x08000978   Section        0  stm32f4xx_hal.o(i.HAL_Delay)
    i.HAL_GPIO_Init                          0x080009a0   Section        0  stm32f4xx_hal_gpio.o(i.HAL_GPIO_Init)
    i.HAL_GPIO_ReadPin                       0x08000b68   Section        0  stm32f4xx_hal_gpio.o(i.HAL_GPIO_ReadPin)
    i.HAL_GPIO_WritePin                      0x08000b78   Section        0  stm32f4xx_hal_gpio.o(i.HAL_GPIO_WritePin)
    i.HAL_GetTick                            0x08000b84   Section        0  stm32f4xx_hal.o(i.HAL_GetTick)
    i.HAL_IncTick                            0x08000b90   Section        0  stm32f4xx_hal.o(i.HAL_IncTick)
    i.HAL_Init                               0x08000ba8   Section        0  stm32f4xx_hal.o(i.HAL_Init)
    i.HAL_InitTick                           0x08000be4   Section        0  stm32f4xx_hal.o(i.HAL_InitTick)
    i.HAL_MspInit                            0x08000c30   Section        0  stm32f4xx_hal_msp.o(i.HAL_MspInit)
    i.HAL_NVIC_SetPriority                   0x08000c78   Section        0  stm32f4xx_hal_cortex.o(i.HAL_NVIC_SetPriority)
    i.HAL_NVIC_SetPriorityGrouping           0x08000cf4   Section        0  stm32f4xx_hal_cortex.o(i.HAL_NVIC_SetPriorityGrouping)
    i.HAL_RCC_ClockConfig                    0x08000d1c   Section        0  stm32f4xx_hal_rcc.o(i.HAL_RCC_ClockConfig)
    i.HAL_RCC_GetSysClockFreq                0x08000ea0   Section        0  stm32f4xx_hal_rcc.o(i.HAL_RCC_GetSysClockFreq)
    i.HAL_RCC_OscConfig                      0x08000f50   Section        0  stm32f4xx_hal_rcc.o(i.HAL_RCC_OscConfig)
    i.HAL_SPI_Init                           0x080013ec   Section        0  stm32f4xx_hal_spi.o(i.HAL_SPI_Init)
    i.HAL_SPI_MspInit                        0x080014b4   Section        0  stm32f4xx_hal_msp.o(i.HAL_SPI_MspInit)
    i.HAL_SPI_Transmit                       0x0800153c   Section        0  stm32f4xx_hal_spi.o(i.HAL_SPI_Transmit)
    i.HAL_SYSTICK_Config                     0x080016f8   Section        0  stm32f4xx_hal_cortex.o(i.HAL_SYSTICK_Config)
    i.HAL_TIMEx_ConfigBreakDeadTime          0x0800172c   Section        0  stm32f4xx_hal_tim_ex.o(i.HAL_TIMEx_ConfigBreakDeadTime)
    i.HAL_TIMEx_MasterConfigSynchronization  0x080017a0   Section        0  stm32f4xx_hal_tim_ex.o(i.HAL_TIMEx_MasterConfigSynchronization)
    i.HAL_TIM_Base_Init                      0x0800183c   Section        0  stm32f4xx_hal_tim.o(i.HAL_TIM_Base_Init)
    i.HAL_TIM_Base_MspInit                   0x080018a4   Section        0  stm32f4xx_hal_msp.o(i.HAL_TIM_Base_MspInit)
    i.HAL_TIM_ConfigClockSource              0x080018d8   Section        0  stm32f4xx_hal_tim.o(i.HAL_TIM_ConfigClockSource)
    i.HAL_TIM_MspPostInit                    0x080019e4   Section        0  stm32f4xx_hal_msp.o(i.HAL_TIM_MspPostInit)
    i.HAL_TIM_PWM_ConfigChannel              0x08001a44   Section        0  stm32f4xx_hal_tim.o(i.HAL_TIM_PWM_ConfigChannel)
    i.HAL_TIM_PWM_Init                       0x08001b48   Section        0  stm32f4xx_hal_tim.o(i.HAL_TIM_PWM_Init)
    i.HAL_TIM_PWM_MspInit                    0x08001bae   Section        0  stm32f4xx_hal_tim.o(i.HAL_TIM_PWM_MspInit)
    i.HAL_TIM_PWM_Start                      0x08001bb0   Section        0  stm32f4xx_hal_tim.o(i.HAL_TIM_PWM_Start)
    i.HardFault_Handler                      0x08001c9c   Section        0  stm32f4xx_it.o(i.HardFault_Handler)
    i.Init_Game                              0x08001ca0   Section        0  main.o(i.Init_Game)
    i.Init_Heigh_Pill                        0x08001d78   Section        0  main.o(i.Init_Heigh_Pill)
    i.MX_GPIO_Init                           0x08001d98   Section        0  main.o(i.MX_GPIO_Init)
    MX_GPIO_Init                             0x08001d99   Thumb Code   190  main.o(i.MX_GPIO_Init)
    i.MX_SPI1_Init                           0x08001e64   Section        0  main.o(i.MX_SPI1_Init)
    MX_SPI1_Init                             0x08001e65   Thumb Code    64  main.o(i.MX_SPI1_Init)
    i.MX_TIM1_Init                           0x08001eac   Section        0  main.o(i.MX_TIM1_Init)
    MX_TIM1_Init                             0x08001ead   Thumb Code   206  main.o(i.MX_TIM1_Init)
    i.MemManage_Handler                      0x08001f84   Section        0  stm32f4xx_it.o(i.MemManage_Handler)
    i.NMI_Handler                            0x08001f88   Section        0  stm32f4xx_it.o(i.NMI_Handler)
    i.PendSV_Handler                         0x08001f8c   Section        0  stm32f4xx_it.o(i.PendSV_Handler)
    i.Print_Score                            0x08001f8e   Section        0  main.o(i.Print_Score)
    i.Read_ADC                               0x08001ffc   Section        0  main.o(i.Read_ADC)
    i.Read_ADC_Avg                           0x08002028   Section        0  main.o(i.Read_ADC_Avg)
    i.SPI_EndRxTxTransaction                 0x0800204c   Section        0  stm32f4xx_hal_spi.o(i.SPI_EndRxTxTransaction)
    SPI_EndRxTxTransaction                   0x0800204d   Thumb Code   128  stm32f4xx_hal_spi.o(i.SPI_EndRxTxTransaction)
    i.SPI_WaitFlagStateUntilTimeout          0x080020d4   Section        0  stm32f4xx_hal_spi.o(i.SPI_WaitFlagStateUntilTimeout)
    SPI_WaitFlagStateUntilTimeout            0x080020d5   Thumb Code   210  stm32f4xx_hal_spi.o(i.SPI_WaitFlagStateUntilTimeout)
    i.SVC_Handler                            0x080021ac   Section        0  stm32f4xx_it.o(i.SVC_Handler)
    i.SysTick_Handler                        0x080021ae   Section        0  stm32f4xx_it.o(i.SysTick_Handler)
    i.SystemClock_Config                     0x080021b8   Section        0  main.o(i.SystemClock_Config)
    i.SystemCoreClockUpdate                  0x0800226c   Section        0  system_stm32f4xx.o(i.SystemCoreClockUpdate)
    i.SystemInit                             0x0800232c   Section        0  system_stm32f4xx.o(i.SystemInit)
    i.TIM_Base_SetConfig                     0x08002340   Section        0  stm32f4xx_hal_tim.o(i.TIM_Base_SetConfig)
    i.TIM_CCxChannelCmd                      0x080023f4   Section        0  stm32f4xx_hal_tim.o(i.TIM_CCxChannelCmd)
    i.TIM_ETR_SetConfig                      0x08002416   Section        0  stm32f4xx_hal_tim.o(i.TIM_ETR_SetConfig)
    i.TIM_ITRx_SetConfig                     0x0800242c   Section        0  stm32f4xx_hal_tim.o(i.TIM_ITRx_SetConfig)
    TIM_ITRx_SetConfig                       0x0800242d   Thumb Code    18  stm32f4xx_hal_tim.o(i.TIM_ITRx_SetConfig)
    i.TIM_OC1_SetConfig                      0x08002440   Section        0  stm32f4xx_hal_tim.o(i.TIM_OC1_SetConfig)
    TIM_OC1_SetConfig                        0x08002441   Thumb Code    90  stm32f4xx_hal_tim.o(i.TIM_OC1_SetConfig)
    i.TIM_OC2_SetConfig                      0x080024a0   Section        0  stm32f4xx_hal_tim.o(i.TIM_OC2_SetConfig)
    i.TIM_OC3_SetConfig                      0x08002508   Section        0  stm32f4xx_hal_tim.o(i.TIM_OC3_SetConfig)
    TIM_OC3_SetConfig                        0x08002509   Thumb Code    98  stm32f4xx_hal_tim.o(i.TIM_OC3_SetConfig)
    i.TIM_OC4_SetConfig                      0x08002570   Section        0  stm32f4xx_hal_tim.o(i.TIM_OC4_SetConfig)
    TIM_OC4_SetConfig                        0x08002571   Thumb Code    68  stm32f4xx_hal_tim.o(i.TIM_OC4_SetConfig)
    i.TIM_TI1_ConfigInputStage               0x080025b8   Section        0  stm32f4xx_hal_tim.o(i.TIM_TI1_ConfigInputStage)
    TIM_TI1_ConfigInputStage                 0x080025b9   Thumb Code    38  stm32f4xx_hal_tim.o(i.TIM_TI1_ConfigInputStage)
    i.TIM_TI2_ConfigInputStage               0x080025de   Section        0  stm32f4xx_hal_tim.o(i.TIM_TI2_ConfigInputStage)
    TIM_TI2_ConfigInputStage                 0x080025df   Thumb Code    40  stm32f4xx_hal_tim.o(i.TIM_TI2_ConfigInputStage)
    i.UsageFault_Handler                     0x08002606   Section        0  stm32f4xx_it.o(i.UsageFault_Handler)
    i.__NVIC_GetPriorityGrouping             0x0800260c   Section        0  stm32f4xx_hal_cortex.o(i.__NVIC_GetPriorityGrouping)
    __NVIC_GetPriorityGrouping               0x0800260d   Thumb Code    10  stm32f4xx_hal_cortex.o(i.__NVIC_GetPriorityGrouping)
    i.__NVIC_SetPriority                     0x0800261c   Section        0  stm32f4xx_hal_cortex.o(i.__NVIC_SetPriority)
    __NVIC_SetPriority                       0x0800261d   Thumb Code    32  stm32f4xx_hal_cortex.o(i.__NVIC_SetPriority)
    i.delay_ms                               0x08002644   Section        0  ili9225.o(i.delay_ms)
    i.drawCircle                             0x080026bc   Section        0  ili9225.o(i.drawCircle)
    i.draw_char                              0x08002784   Section        0  ili9225.o(i.draw_char)
    i.draw_map                               0x08002824   Section        0  ili9225.o(i.draw_map)
    i.draw_pixel                             0x080028fa   Section        0  ili9225.o(i.draw_pixel)
    i.draw_string                            0x08002922   Section        0  ili9225.o(i.draw_string)
    i.fill_rectangle                         0x08002960   Section        0  ili9225.o(i.fill_rectangle)
    i.game_draw                              0x080029d4   Section        0  snake.o(i.game_draw)
    i.game_go_down                           0x08002a90   Section        0  snake.o(i.game_go_down)
    i.game_go_left                           0x08002ab8   Section        0  snake.o(i.game_go_left)
    i.game_go_right                          0x08002ae0   Section        0  snake.o(i.game_go_right)
    i.game_go_up                             0x08002b08   Section        0  snake.o(i.game_go_up)
    i.game_init                              0x08002b30   Section        0  snake.o(i.game_init)
    i.game_loss_check                        0x08002bdc   Section        0  snake.o(i.game_loss_check)
    i.game_move                              0x08002c90   Section        0  snake.o(i.game_move)
    i.game_new_apple                         0x08002d3c   Section        0  snake.o(i.game_new_apple)
    i.is_button_pressed                      0x08002da4   Section        0  main.o(i.is_button_pressed)
    i.is_button_pressed1                     0x08002dc0   Section        0  main.o(i.is_button_pressed1)
    i.is_button_pressed2                     0x08002ddc   Section        0  main.o(i.is_button_pressed2)
    i.is_button_pressed3                     0x08002df8   Section        0  main.o(i.is_button_pressed3)
    i.lcd_init                               0x08002e14   Section        0  ili9225.o(i.lcd_init)
    i.lcd_init_command_list                  0x08002e70   Section        0  ili9225.o(i.lcd_init_command_list)
    i.lcd_write_command                      0x08003028   Section        0  ili9225.o(i.lcd_write_command)
    i.lcd_write_data                         0x0800305c   Section        0  ili9225.o(i.lcd_write_data)
    i.lcd_write_register                     0x08003090   Section        0  ili9225.o(i.lcd_write_register)
    i.main                                   0x080030b4   Section        0  main.o(i.main)
    i.set_draw_window                        0x08003934   Section        0  ili9225.o(i.set_draw_window)
    i.spi_write                              0x080039a8   Section        0  ili9225.o(i.spi_write)
    i.swap_char                              0x080039bc   Section        0  ili9225.o(i.swap_char)
    x$fpl$dadd                               0x080039c8   Section      336  daddsub_clz.o(x$fpl$dadd)
    $v0                                      0x080039c8   Number         0  daddsub_clz.o(x$fpl$dadd)
    _dadd1                                   0x080039d9   Thumb Code     0  daddsub_clz.o(x$fpl$dadd)
    x$fpl$dcmpinf                            0x08003b18   Section       24  dcmpi.o(x$fpl$dcmpinf)
    $v0                                      0x08003b18   Number         0  dcmpi.o(x$fpl$dcmpinf)
    x$fpl$deqf                               0x08003b30   Section      120  deqf.o(x$fpl$deqf)
    $v0                                      0x08003b30   Number         0  deqf.o(x$fpl$deqf)
    x$fpl$dfixu                              0x08003ba8   Section       90  dfixu.o(x$fpl$dfixu)
    $v0                                      0x08003ba8   Number         0  dfixu.o(x$fpl$dfixu)
    x$fpl$dflt                               0x08003c02   Section       46  dflt_clz.o(x$fpl$dflt)
    $v0                                      0x08003c02   Number         0  dflt_clz.o(x$fpl$dflt)
    x$fpl$dfltu                              0x08003c30   Section       38  dflt_clz.o(x$fpl$dfltu)
    $v0                                      0x08003c30   Number         0  dflt_clz.o(x$fpl$dfltu)
    x$fpl$dmul                               0x08003c58   Section      340  dmul.o(x$fpl$dmul)
    $v0                                      0x08003c58   Number         0  dmul.o(x$fpl$dmul)
    x$fpl$dnaninf                            0x08003dac   Section      156  dnaninf.o(x$fpl$dnaninf)
    $v0                                      0x08003dac   Number         0  dnaninf.o(x$fpl$dnaninf)
    x$fpl$dretinf                            0x08003e48   Section       12  dretinf.o(x$fpl$dretinf)
    $v0                                      0x08003e48   Number         0  dretinf.o(x$fpl$dretinf)
    x$fpl$dsub                               0x08003e54   Section      468  daddsub_clz.o(x$fpl$dsub)
    $v0                                      0x08003e54   Number         0  daddsub_clz.o(x$fpl$dsub)
    _dsub1                                   0x08003e65   Thumb Code     0  daddsub_clz.o(x$fpl$dsub)
    x$fpl$fpinit                             0x08004028   Section       10  fpinit.o(x$fpl$fpinit)
    $v0                                      0x08004028   Number         0  fpinit.o(x$fpl$fpinit)
    x$fpl$usenofp                            0x08004032   Section        0  usenofp.o(x$fpl$usenofp)
    .constdata                               0x08004034   Section    232672  main.o(.constdata)
    image_data_Image                         0x08004034   Data       77440  main.o(.constdata)
    image_data_Image1                        0x08016eb4   Data       77440  main.o(.constdata)
    image_data_Image3                        0x08029d34   Data       77440  main.o(.constdata)
    .constdata                               0x0803cd14   Section       24  system_stm32f4xx.o(.constdata)
    .constdata                               0x0803cd2c   Section     1235  ili9225.o(.constdata)
    .constdata                               0x0803d200   Section       88  snake.o(.constdata)
    .data                                    0x20000000   Section     1376  main.o(.data)
    .data                                    0x20000560   Section        9  stm32f4xx_hal.o(.data)
    .data                                    0x2000056c   Section        4  system_stm32f4xx.o(.data)
    .bss                                     0x20000570   Section     2606  main.o(.bss)
    .bss                                     0x20000fa0   Section      228  rand.o(.bss)
    .bss                                     0x20001084   Section       96  libspace.o(.bss)
    HEAP                                     0x200010e8   Section      512  startup_stm32f411xe.o(HEAP)
    Heap_Mem                                 0x200010e8   Data         512  startup_stm32f411xe.o(HEAP)
    STACK                                    0x200012e8   Section     1024  startup_stm32f411xe.o(STACK)
    Stack_Mem                                0x200012e8   Data        1024  startup_stm32f411xe.o(STACK)
    __initial_sp                             0x200016e8   Data           0  startup_stm32f411xe.o(STACK)

    Global Symbols

    Symbol Name                              Value     Ov Type        Size  Object(Section)

    BuildAttributes$$THM_ISAv4$E$P$D$K$B$S$7EM$VFPi3$EXTD16$VFPS$VFMA$PE$A:L22UL41UL21$X:L11$S22US41US21$IEEE1$IW$USESV6$~STKCKD$USESV7$~SHL$OTIME$ROPI$IEEEX$EBA8$UX$STANDARDLIB$REQ8$PRES8$EABIv2 0x00000000   Number         0  anon$$obj.o ABSOLUTE
    __ARM_use_no_argv                        0x00000000   Number         0  main.o ABSOLUTE
    __ARM_exceptions_init                     - Undefined Weak Reference
    __alloca_initialize                       - Undefined Weak Reference
    __arm_preinit_                            - Undefined Weak Reference
    __cpp_initialize__aeabi_                  - Undefined Weak Reference
    __cxa_finalize                            - Undefined Weak Reference
    __rt_locale                               - Undefined Weak Reference
    __sigvec_lookup                           - Undefined Weak Reference
    _atexit_init                              - Undefined Weak Reference
    _call_atexit_fns                          - Undefined Weak Reference
    _clock_init                               - Undefined Weak Reference
    _fp_trap_init                             - Undefined Weak Reference
    _fp_trap_shutdown                         - Undefined Weak Reference
    _get_lc_collate                           - Undefined Weak Reference
    _get_lc_ctype                             - Undefined Weak Reference
    _get_lc_monetary                          - Undefined Weak Reference
    _get_lc_numeric                           - Undefined Weak Reference
    _get_lc_time                              - Undefined Weak Reference
    _getenv_init                              - Undefined Weak Reference
    _handle_redirection                       - Undefined Weak Reference
    _init_alloc                               - Undefined Weak Reference
    _init_user_alloc                          - Undefined Weak Reference
    _initio                                   - Undefined Weak Reference
    _printf_post_padding                      - Undefined Weak Reference
    _printf_pre_padding                       - Undefined Weak Reference
    _printf_truncate_signed                   - Undefined Weak Reference
    _printf_truncate_unsigned                 - Undefined Weak Reference
    _signal_finish                            - Undefined Weak Reference
    _signal_init                              - Undefined Weak Reference
    _terminate_alloc                          - Undefined Weak Reference
    _terminate_user_alloc                     - Undefined Weak Reference
    _terminateio                              - Undefined Weak Reference
    __Vectors_Size                           0x00000198   Number         0  startup_stm32f411xe.o ABSOLUTE
    __Vectors                                0x08000000   Data           4  startup_stm32f411xe.o(RESET)
    __Vectors_End                            0x08000198   Data           0  startup_stm32f411xe.o(RESET)
    __main                                   0x08000199   Thumb Code     8  __main.o(!!!main)
    __scatterload                            0x080001a1   Thumb Code     0  __scatter.o(!!!scatter)
    __scatterload_rt2                        0x080001a1   Thumb Code    44  __scatter.o(!!!scatter)
    __scatterload_rt2_thumb_only             0x080001a1   Thumb Code     0  __scatter.o(!!!scatter)
    __scatterload_null                       0x080001af   Thumb Code     0  __scatter.o(!!!scatter)
    __decompress                             0x080001d5   Thumb Code    90  __dczerorl2.o(!!dczerorl2)
    __decompress1                            0x080001d5   Thumb Code     0  __dczerorl2.o(!!dczerorl2)
    __scatterload_zeroinit                   0x08000231   Thumb Code    28  __scatter_zi.o(!!handler_zi)
    _printf_d                                0x0800024d   Thumb Code     0  _printf_d.o(.ARM.Collect$$_printf_percent$$00000009)
    _printf_percent                          0x0800024d   Thumb Code     0  _printf_percent.o(.ARM.Collect$$_printf_percent$$00000000)
    _printf_percent_end                      0x08000253   Thumb Code     0  _printf_percent_end.o(.ARM.Collect$$_printf_percent$$00000017)
    __rt_lib_init                            0x08000257   Thumb Code     0  libinit.o(.ARM.Collect$$libinit$$00000000)
    __rt_lib_init_fp_1                       0x08000259   Thumb Code     0  libinit2.o(.ARM.Collect$$libinit$$00000001)
    __rt_lib_init_heap_1                     0x0800025d   Thumb Code     0  libinit2.o(.ARM.Collect$$libinit$$0000000A)
    __rt_lib_init_preinit_1                  0x0800025d   Thumb Code     0  libinit2.o(.ARM.Collect$$libinit$$00000004)
    __rt_lib_init_rand_2                     0x0800025d   Thumb Code     0  libinit2.o(.ARM.Collect$$libinit$$0000000D)
    __rt_lib_init_user_alloc_1               0x0800025d   Thumb Code     0  libinit2.o(.ARM.Collect$$libinit$$0000000C)
    __rt_lib_init_alloca_1                   0x08000261   Thumb Code     0  libinit2.o(.ARM.Collect$$libinit$$0000002E)
    __rt_lib_init_argv_1                     0x08000261   Thumb Code     0  libinit2.o(.ARM.Collect$$libinit$$0000002C)
    __rt_lib_init_atexit_1                   0x08000261   Thumb Code     0  libinit2.o(.ARM.Collect$$libinit$$0000001B)
    __rt_lib_init_clock_1                    0x08000261   Thumb Code     0  libinit2.o(.ARM.Collect$$libinit$$00000021)
    __rt_lib_init_cpp_1                      0x08000261   Thumb Code     0  libinit2.o(.ARM.Collect$$libinit$$00000032)
    __rt_lib_init_exceptions_1               0x08000261   Thumb Code     0  libinit2.o(.ARM.Collect$$libinit$$00000030)
    __rt_lib_init_fp_trap_1                  0x08000261   Thumb Code     0  libinit2.o(.ARM.Collect$$libinit$$0000001F)
    __rt_lib_init_getenv_1                   0x08000261   Thumb Code     0  libinit2.o(.ARM.Collect$$libinit$$00000023)
    __rt_lib_init_lc_collate_1               0x08000261   Thumb Code     0  libinit2.o(.ARM.Collect$$libinit$$00000011)
    __rt_lib_init_lc_ctype_1                 0x08000261   Thumb Code     0  libinit2.o(.ARM.Collect$$libinit$$00000013)
    __rt_lib_init_lc_monetary_1              0x08000261   Thumb Code     0  libinit2.o(.ARM.Collect$$libinit$$00000015)
    __rt_lib_init_lc_numeric_1               0x08000261   Thumb Code     0  libinit2.o(.ARM.Collect$$libinit$$00000017)
    __rt_lib_init_lc_time_1                  0x08000261   Thumb Code     0  libinit2.o(.ARM.Collect$$libinit$$00000019)
    __rt_lib_init_rand_1                     0x08000261   Thumb Code     0  libinit2.o(.ARM.Collect$$libinit$$0000000E)
    __rt_lib_init_return                     0x08000261   Thumb Code     0  libinit2.o(.ARM.Collect$$libinit$$00000033)
    __rt_lib_init_signal_1                   0x08000261   Thumb Code     0  libinit2.o(.ARM.Collect$$libinit$$0000001D)
    __rt_lib_init_stdio_1                    0x08000261   Thumb Code     0  libinit2.o(.ARM.Collect$$libinit$$00000025)
    __rt_lib_shutdown                        0x08000263   Thumb Code     0  libshutdown.o(.ARM.Collect$$libshutdown$$00000000)
    __rt_lib_shutdown_cpp_1                  0x08000265   Thumb Code     0  libshutdown2.o(.ARM.Collect$$libshutdown$$00000002)
    __rt_lib_shutdown_fp_trap_1              0x08000265   Thumb Code     0  libshutdown2.o(.ARM.Collect$$libshutdown$$00000007)
    __rt_lib_shutdown_heap_1                 0x08000265   Thumb Code     0  libshutdown2.o(.ARM.Collect$$libshutdown$$0000000F)
    __rt_lib_shutdown_return                 0x08000265   Thumb Code     0  libshutdown2.o(.ARM.Collect$$libshutdown$$00000010)
    __rt_lib_shutdown_signal_1               0x08000265   Thumb Code     0  libshutdown2.o(.ARM.Collect$$libshutdown$$0000000A)
    __rt_lib_shutdown_stdio_1                0x08000265   Thumb Code     0  libshutdown2.o(.ARM.Collect$$libshutdown$$00000004)
    __rt_lib_shutdown_user_alloc_1           0x08000265   Thumb Code     0  libshutdown2.o(.ARM.Collect$$libshutdown$$0000000C)
    __rt_entry                               0x08000267   Thumb Code     0  __rtentry.o(.ARM.Collect$$rtentry$$00000000)
    __rt_entry_presh_1                       0x08000267   Thumb Code     0  __rtentry2.o(.ARM.Collect$$rtentry$$00000002)
    __rt_entry_sh                            0x08000267   Thumb Code     0  __rtentry4.o(.ARM.Collect$$rtentry$$00000004)
    __rt_entry_li                            0x0800026d   Thumb Code     0  __rtentry2.o(.ARM.Collect$$rtentry$$0000000A)
    __rt_entry_postsh_1                      0x0800026d   Thumb Code     0  __rtentry2.o(.ARM.Collect$$rtentry$$00000009)
    __rt_entry_main                          0x08000271   Thumb Code     0  __rtentry2.o(.ARM.Collect$$rtentry$$0000000D)
    __rt_entry_postli_1                      0x08000271   Thumb Code     0  __rtentry2.o(.ARM.Collect$$rtentry$$0000000C)
    __rt_exit                                0x08000279   Thumb Code     0  rtexit.o(.ARM.Collect$$rtexit$$00000000)
    __rt_exit_ls                             0x0800027b   Thumb Code     0  rtexit2.o(.ARM.Collect$$rtexit$$00000003)
    __rt_exit_prels_1                        0x0800027b   Thumb Code     0  rtexit2.o(.ARM.Collect$$rtexit$$00000002)
    __rt_exit_exit                           0x0800027f   Thumb Code     0  rtexit2.o(.ARM.Collect$$rtexit$$00000004)
    rand                                     0x08000285   Thumb Code    48  rand.o(.emb_text)
    Reset_Handler                            0x080002b9   Thumb Code     8  startup_stm32f411xe.o(.text)
    ADC_IRQHandler                           0x080002d3   Thumb Code     0  startup_stm32f411xe.o(.text)
    DMA1_Stream0_IRQHandler                  0x080002d3   Thumb Code     0  startup_stm32f411xe.o(.text)
    DMA1_Stream1_IRQHandler                  0x080002d3   Thumb Code     0  startup_stm32f411xe.o(.text)
    DMA1_Stream2_IRQHandler                  0x080002d3   Thumb Code     0  startup_stm32f411xe.o(.text)
    DMA1_Stream3_IRQHandler                  0x080002d3   Thumb Code     0  startup_stm32f411xe.o(.text)
    DMA1_Stream4_IRQHandler                  0x080002d3   Thumb Code     0  startup_stm32f411xe.o(.text)
    DMA1_Stream5_IRQHandler                  0x080002d3   Thumb Code     0  startup_stm32f411xe.o(.text)
    DMA1_Stream6_IRQHandler                  0x080002d3   Thumb Code     0  startup_stm32f411xe.o(.text)
    DMA1_Stream7_IRQHandler                  0x080002d3   Thumb Code     0  startup_stm32f411xe.o(.text)
    DMA2_Stream0_IRQHandler                  0x080002d3   Thumb Code     0  startup_stm32f411xe.o(.text)
    DMA2_Stream1_IRQHandler                  0x080002d3   Thumb Code     0  startup_stm32f411xe.o(.text)
    DMA2_Stream2_IRQHandler                  0x080002d3   Thumb Code     0  startup_stm32f411xe.o(.text)
    DMA2_Stream3_IRQHandler                  0x080002d3   Thumb Code     0  startup_stm32f411xe.o(.text)
    DMA2_Stream4_IRQHandler                  0x080002d3   Thumb Code     0  startup_stm32f411xe.o(.text)
    DMA2_Stream5_IRQHandler                  0x080002d3   Thumb Code     0  startup_stm32f411xe.o(.text)
    DMA2_Stream6_IRQHandler                  0x080002d3   Thumb Code     0  startup_stm32f411xe.o(.text)
    DMA2_Stream7_IRQHandler                  0x080002d3   Thumb Code     0  startup_stm32f411xe.o(.text)
    EXTI0_IRQHandler                         0x080002d3   Thumb Code     0  startup_stm32f411xe.o(.text)
    EXTI15_10_IRQHandler                     0x080002d3   Thumb Code     0  startup_stm32f411xe.o(.text)
    EXTI1_IRQHandler                         0x080002d3   Thumb Code     0  startup_stm32f411xe.o(.text)
    EXTI2_IRQHandler                         0x080002d3   Thumb Code     0  startup_stm32f411xe.o(.text)
    EXTI3_IRQHandler                         0x080002d3   Thumb Code     0  startup_stm32f411xe.o(.text)
    EXTI4_IRQHandler                         0x080002d3   Thumb Code     0  startup_stm32f411xe.o(.text)
    EXTI9_5_IRQHandler                       0x080002d3   Thumb Code     0  startup_stm32f411xe.o(.text)
    FLASH_IRQHandler                         0x080002d3   Thumb Code     0  startup_stm32f411xe.o(.text)
    FPU_IRQHandler                           0x080002d3   Thumb Code     0  startup_stm32f411xe.o(.text)
    I2C1_ER_IRQHandler                       0x080002d3   Thumb Code     0  startup_stm32f411xe.o(.text)
    I2C1_EV_IRQHandler                       0x080002d3   Thumb Code     0  startup_stm32f411xe.o(.text)
    I2C2_ER_IRQHandler                       0x080002d3   Thumb Code     0  startup_stm32f411xe.o(.text)
    I2C2_EV_IRQHandler                       0x080002d3   Thumb Code     0  startup_stm32f411xe.o(.text)
    I2C3_ER_IRQHandler                       0x080002d3   Thumb Code     0  startup_stm32f411xe.o(.text)
    I2C3_EV_IRQHandler                       0x080002d3   Thumb Code     0  startup_stm32f411xe.o(.text)
    OTG_FS_IRQHandler                        0x080002d3   Thumb Code     0  startup_stm32f411xe.o(.text)
    OTG_FS_WKUP_IRQHandler                   0x080002d3   Thumb Code     0  startup_stm32f411xe.o(.text)
    PVD_IRQHandler                           0x080002d3   Thumb Code     0  startup_stm32f411xe.o(.text)
    RCC_IRQHandler                           0x080002d3   Thumb Code     0  startup_stm32f411xe.o(.text)
    RTC_Alarm_IRQHandler                     0x080002d3   Thumb Code     0  startup_stm32f411xe.o(.text)
    RTC_WKUP_IRQHandler                      0x080002d3   Thumb Code     0  startup_stm32f411xe.o(.text)
    SDIO_IRQHandler                          0x080002d3   Thumb Code     0  startup_stm32f411xe.o(.text)
    SPI1_IRQHandler                          0x080002d3   Thumb Code     0  startup_stm32f411xe.o(.text)
    SPI2_IRQHandler                          0x080002d3   Thumb Code     0  startup_stm32f411xe.o(.text)
    SPI3_IRQHandler                          0x080002d3   Thumb Code     0  startup_stm32f411xe.o(.text)
    SPI4_IRQHandler                          0x080002d3   Thumb Code     0  startup_stm32f411xe.o(.text)
    SPI5_IRQHandler                          0x080002d3   Thumb Code     0  startup_stm32f411xe.o(.text)
    TAMP_STAMP_IRQHandler                    0x080002d3   Thumb Code     0  startup_stm32f411xe.o(.text)
    TIM1_BRK_TIM9_IRQHandler                 0x080002d3   Thumb Code     0  startup_stm32f411xe.o(.text)
    TIM1_CC_IRQHandler                       0x080002d3   Thumb Code     0  startup_stm32f411xe.o(.text)
    TIM1_TRG_COM_TIM11_IRQHandler            0x080002d3   Thumb Code     0  startup_stm32f411xe.o(.text)
    TIM1_UP_TIM10_IRQHandler                 0x080002d3   Thumb Code     0  startup_stm32f411xe.o(.text)
    TIM2_IRQHandler                          0x080002d3   Thumb Code     0  startup_stm32f411xe.o(.text)
    TIM3_IRQHandler                          0x080002d3   Thumb Code     0  startup_stm32f411xe.o(.text)
    TIM4_IRQHandler                          0x080002d3   Thumb Code     0  startup_stm32f411xe.o(.text)
    TIM5_IRQHandler                          0x080002d3   Thumb Code     0  startup_stm32f411xe.o(.text)
    USART1_IRQHandler                        0x080002d3   Thumb Code     0  startup_stm32f411xe.o(.text)
    USART2_IRQHandler                        0x080002d3   Thumb Code     0  startup_stm32f411xe.o(.text)
    USART6_IRQHandler                        0x080002d3   Thumb Code     0  startup_stm32f411xe.o(.text)
    WWDG_IRQHandler                          0x080002d3   Thumb Code     0  startup_stm32f411xe.o(.text)
    __user_initial_stackheap                 0x080002d5   Thumb Code     0  startup_stm32f411xe.o(.text)
    __aeabi_uldivmod                         0x080002f9   Thumb Code     0  lludivv7m.o(.text)
    _ll_udiv                                 0x080002f9   Thumb Code   238  lludivv7m.o(.text)
    __2sprintf                               0x080003e9   Thumb Code    34  noretval__2sprintf.o(.text)
    __printf                                 0x08000411   Thumb Code   104  __printf.o(.text)
    _printf_int_dec                          0x08000479   Thumb Code   104  _printf_dec.o(.text)
    srand                                    0x080004f1   Thumb Code    42  rand.o(.text)
    _rand_init                               0x0800051b   Thumb Code     4  rand.o(.text)
    __aeabi_memclr4                          0x0800052d   Thumb Code     0  rt_memclr_w.o(.text)
    __aeabi_memclr8                          0x0800052d   Thumb Code     0  rt_memclr_w.o(.text)
    __rt_memclr_w                            0x0800052d   Thumb Code    78  rt_memclr_w.o(.text)
    _memset_w                                0x08000531   Thumb Code     0  rt_memclr_w.o(.text)
    __use_two_region_memory                  0x0800057b   Thumb Code     2  heapauxi.o(.text)
    __rt_heap_escrow$2region                 0x0800057d   Thumb Code     2  heapauxi.o(.text)
    __rt_heap_expand$2region                 0x0800057f   Thumb Code     2  heapauxi.o(.text)
    _printf_int_common                       0x08000581   Thumb Code   178  _printf_intcommon.o(.text)
    _printf_char_common                      0x0800063f   Thumb Code    32  _printf_char_common.o(.text)
    _sputc                                   0x08000665   Thumb Code    10  _sputc.o(.text)
    __user_libspace                          0x08000671   Thumb Code     8  libspace.o(.text)
    __user_perproc_libspace                  0x08000671   Thumb Code     0  libspace.o(.text)
    __user_perthread_libspace                0x08000671   Thumb Code     0  libspace.o(.text)
    __user_setup_stackheap                   0x08000679   Thumb Code    74  sys_stackheap_outer.o(.text)
    exit                                     0x080006c3   Thumb Code    18  exit.o(.text)
    _sys_exit                                0x080006d5   Thumb Code     8  sys_exit.o(.text)
    __I$use$semihosting                      0x080006e1   Thumb Code     0  use_no_semi.o(.text)
    __use_no_semihosting_swi                 0x080006e1   Thumb Code     2  use_no_semi.o(.text)
    __semihosting_library_function           0x080006e3   Thumb Code     0  indicate_semi.o(.text)
    ADC_init                                 0x080006e5   Thumb Code    94  main.o(i.ADC_init)
    Bird_Fly                                 0x08000751   Thumb Code    56  main.o(i.Bird_Fly)
    BusFault_Handler                         0x0800078d   Thumb Code     4  stm32f4xx_it.o(i.BusFault_Handler)
    Buzzer_PlayTone                          0x08000791   Thumb Code    86  main.o(i.Buzzer_PlayTone)
    Buzzer_SetFrequency                      0x080007ed   Thumb Code    40  main.o(i.Buzzer_SetFrequency)
    DebugMon_Handler                         0x08000821   Thumb Code     2  stm32f4xx_it.o(i.DebugMon_Handler)
    Draw_Pillar                              0x08000823   Thumb Code   114  main.o(i.Draw_Pillar)
    Error_Handler                            0x08000895   Thumb Code     6  main.o(i.Error_Handler)
    Game_Over                                0x0800089d   Thumb Code   186  main.o(i.Game_Over)
    HAL_Delay                                0x08000979   Thumb Code    36  stm32f4xx_hal.o(i.HAL_Delay)
    HAL_GPIO_Init                            0x080009a1   Thumb Code   424  stm32f4xx_hal_gpio.o(i.HAL_GPIO_Init)
    HAL_GPIO_ReadPin                         0x08000b69   Thumb Code    16  stm32f4xx_hal_gpio.o(i.HAL_GPIO_ReadPin)
    HAL_GPIO_WritePin                        0x08000b79   Thumb Code    12  stm32f4xx_hal_gpio.o(i.HAL_GPIO_WritePin)
    HAL_GetTick                              0x08000b85   Thumb Code     6  stm32f4xx_hal.o(i.HAL_GetTick)
    HAL_IncTick                              0x08000b91   Thumb Code    16  stm32f4xx_hal.o(i.HAL_IncTick)
    HAL_Init                                 0x08000ba9   Thumb Code    54  stm32f4xx_hal.o(i.HAL_Init)
    HAL_InitTick                             0x08000be5   Thumb Code    64  stm32f4xx_hal.o(i.HAL_InitTick)
    HAL_MspInit                              0x08000c31   Thumb Code    68  stm32f4xx_hal_msp.o(i.HAL_MspInit)
    HAL_NVIC_SetPriority                     0x08000c79   Thumb Code   124  stm32f4xx_hal_cortex.o(i.HAL_NVIC_SetPriority)
    HAL_NVIC_SetPriorityGrouping             0x08000cf5   Thumb Code    32  stm32f4xx_hal_cortex.o(i.HAL_NVIC_SetPriorityGrouping)
    HAL_RCC_ClockConfig                      0x08000d1d   Thumb Code   368  stm32f4xx_hal_rcc.o(i.HAL_RCC_ClockConfig)
    HAL_RCC_GetSysClockFreq                  0x08000ea1   Thumb Code   162  stm32f4xx_hal_rcc.o(i.HAL_RCC_GetSysClockFreq)
    HAL_RCC_OscConfig                        0x08000f51   Thumb Code  1172  stm32f4xx_hal_rcc.o(i.HAL_RCC_OscConfig)
    HAL_SPI_Init                             0x080013ed   Thumb Code   200  stm32f4xx_hal_spi.o(i.HAL_SPI_Init)
    HAL_SPI_MspInit                          0x080014b5   Thumb Code   122  stm32f4xx_hal_msp.o(i.HAL_SPI_MspInit)
    HAL_SPI_Transmit                         0x0800153d   Thumb Code   444  stm32f4xx_hal_spi.o(i.HAL_SPI_Transmit)
    HAL_SYSTICK_Config                       0x080016f9   Thumb Code    52  stm32f4xx_hal_cortex.o(i.HAL_SYSTICK_Config)
    HAL_TIMEx_ConfigBreakDeadTime            0x0800172d   Thumb Code   116  stm32f4xx_hal_tim_ex.o(i.HAL_TIMEx_ConfigBreakDeadTime)
    HAL_TIMEx_MasterConfigSynchronization    0x080017a1   Thumb Code   134  stm32f4xx_hal_tim_ex.o(i.HAL_TIMEx_MasterConfigSynchronization)
    HAL_TIM_Base_Init                        0x0800183d   Thumb Code   102  stm32f4xx_hal_tim.o(i.HAL_TIM_Base_Init)
    HAL_TIM_Base_MspInit                     0x080018a5   Thumb Code    44  stm32f4xx_hal_msp.o(i.HAL_TIM_Base_MspInit)
    HAL_TIM_ConfigClockSource                0x080018d9   Thumb Code   268  stm32f4xx_hal_tim.o(i.HAL_TIM_ConfigClockSource)
    HAL_TIM_MspPostInit                      0x080019e5   Thumb Code    84  stm32f4xx_hal_msp.o(i.HAL_TIM_MspPostInit)
    HAL_TIM_PWM_ConfigChannel                0x08001a45   Thumb Code   260  stm32f4xx_hal_tim.o(i.HAL_TIM_PWM_ConfigChannel)
    HAL_TIM_PWM_Init                         0x08001b49   Thumb Code   102  stm32f4xx_hal_tim.o(i.HAL_TIM_PWM_Init)
    HAL_TIM_PWM_MspInit                      0x08001baf   Thumb Code     2  stm32f4xx_hal_tim.o(i.HAL_TIM_PWM_MspInit)
    HAL_TIM_PWM_Start                        0x08001bb1   Thumb Code   214  stm32f4xx_hal_tim.o(i.HAL_TIM_PWM_Start)
    HardFault_Handler                        0x08001c9d   Thumb Code     4  stm32f4xx_it.o(i.HardFault_Handler)
    Init_Game                                0x08001ca1   Thumb Code   166  main.o(i.Init_Game)
    Init_Heigh_Pill                          0x08001d79   Thumb Code    28  main.o(i.Init_Heigh_Pill)
    MemManage_Handler                        0x08001f85   Thumb Code     4  stm32f4xx_it.o(i.MemManage_Handler)
    NMI_Handler                              0x08001f89   Thumb Code     4  stm32f4xx_it.o(i.NMI_Handler)
    PendSV_Handler                           0x08001f8d   Thumb Code     2  stm32f4xx_it.o(i.PendSV_Handler)
    Print_Score                              0x08001f8f   Thumb Code   110  main.o(i.Print_Score)
    Read_ADC                                 0x08001ffd   Thumb Code    38  main.o(i.Read_ADC)
    Read_ADC_Avg                             0x08002029   Thumb Code    36  main.o(i.Read_ADC_Avg)
    SVC_Handler                              0x080021ad   Thumb Code     2  stm32f4xx_it.o(i.SVC_Handler)
    SysTick_Handler                          0x080021af   Thumb Code     8  stm32f4xx_it.o(i.SysTick_Handler)
    SystemClock_Config                       0x080021b9   Thumb Code   172  main.o(i.SystemClock_Config)
    SystemCoreClockUpdate                    0x0800226d   Thumb Code   170  system_stm32f4xx.o(i.SystemCoreClockUpdate)
    SystemInit                               0x0800232d   Thumb Code    14  system_stm32f4xx.o(i.SystemInit)
    TIM_Base_SetConfig                       0x08002341   Thumb Code   150  stm32f4xx_hal_tim.o(i.TIM_Base_SetConfig)
    TIM_CCxChannelCmd                        0x080023f5   Thumb Code    34  stm32f4xx_hal_tim.o(i.TIM_CCxChannelCmd)
    TIM_ETR_SetConfig                        0x08002417   Thumb Code    22  stm32f4xx_hal_tim.o(i.TIM_ETR_SetConfig)
    TIM_OC2_SetConfig                        0x080024a1   Thumb Code   100  stm32f4xx_hal_tim.o(i.TIM_OC2_SetConfig)
    UsageFault_Handler                       0x08002607   Thumb Code     4  stm32f4xx_it.o(i.UsageFault_Handler)
    delay_ms                                 0x08002645   Thumb Code   104  ili9225.o(i.delay_ms)
    drawCircle                               0x080026bd   Thumb Code   198  ili9225.o(i.drawCircle)
    draw_char                                0x08002785   Thumb Code   154  ili9225.o(i.draw_char)
    draw_map                                 0x08002825   Thumb Code   214  ili9225.o(i.draw_map)
    draw_pixel                               0x080028fb   Thumb Code    40  ili9225.o(i.draw_pixel)
    draw_string                              0x08002923   Thumb Code    62  ili9225.o(i.draw_string)
    fill_rectangle                           0x08002961   Thumb Code   110  ili9225.o(i.fill_rectangle)
    game_draw                                0x080029d5   Thumb Code   188  snake.o(i.game_draw)
    game_go_down                             0x08002a91   Thumb Code    34  snake.o(i.game_go_down)
    game_go_left                             0x08002ab9   Thumb Code    36  snake.o(i.game_go_left)
    game_go_right                            0x08002ae1   Thumb Code    36  snake.o(i.game_go_right)
    game_go_up                               0x08002b09   Thumb Code    34  snake.o(i.game_go_up)
    game_init                                0x08002b31   Thumb Code   166  snake.o(i.game_init)
    game_loss_check                          0x08002bdd   Thumb Code   156  snake.o(i.game_loss_check)
    game_move                                0x08002c91   Thumb Code   172  snake.o(i.game_move)
    game_new_apple                           0x08002d3d   Thumb Code   104  snake.o(i.game_new_apple)
    is_button_pressed                        0x08002da5   Thumb Code    22  main.o(i.is_button_pressed)
    is_button_pressed1                       0x08002dc1   Thumb Code    22  main.o(i.is_button_pressed1)
    is_button_pressed2                       0x08002ddd   Thumb Code    22  main.o(i.is_button_pressed2)
    is_button_pressed3                       0x08002df9   Thumb Code    22  main.o(i.is_button_pressed3)
    lcd_init                                 0x08002e15   Thumb Code    74  ili9225.o(i.lcd_init)
    lcd_init_command_list                    0x08002e71   Thumb Code   424  ili9225.o(i.lcd_init_command_list)
    lcd_write_command                        0x08003029   Thumb Code    42  ili9225.o(i.lcd_write_command)
    lcd_write_data                           0x0800305d   Thumb Code    42  ili9225.o(i.lcd_write_data)
    lcd_write_register                       0x08003091   Thumb Code    36  ili9225.o(i.lcd_write_register)
    main                                     0x080030b5   Thumb Code  2060  main.o(i.main)
    set_draw_window                          0x08003935   Thumb Code   116  ili9225.o(i.set_draw_window)
    spi_write                                0x080039a9   Thumb Code    16  ili9225.o(i.spi_write)
    swap_char                                0x080039bd   Thumb Code    10  ili9225.o(i.swap_char)
    __aeabi_dadd                             0x080039c9   Thumb Code     0  daddsub_clz.o(x$fpl$dadd)
    _dadd                                    0x080039c9   Thumb Code   332  daddsub_clz.o(x$fpl$dadd)
    __fpl_dcmp_Inf                           0x08003b19   Thumb Code    24  dcmpi.o(x$fpl$dcmpinf)
    __aeabi_cdcmpeq                          0x08003b31   Thumb Code     0  deqf.o(x$fpl$deqf)
    _dcmpeq                                  0x08003b31   Thumb Code   120  deqf.o(x$fpl$deqf)
    __aeabi_d2uiz                            0x08003ba9   Thumb Code     0  dfixu.o(x$fpl$dfixu)
    _dfixu                                   0x08003ba9   Thumb Code    90  dfixu.o(x$fpl$dfixu)
    __aeabi_i2d                              0x08003c03   Thumb Code     0  dflt_clz.o(x$fpl$dflt)
    _dflt                                    0x08003c03   Thumb Code    46  dflt_clz.o(x$fpl$dflt)
    __aeabi_ui2d                             0x08003c31   Thumb Code     0  dflt_clz.o(x$fpl$dfltu)
    _dfltu                                   0x08003c31   Thumb Code    38  dflt_clz.o(x$fpl$dfltu)
    __aeabi_dmul                             0x08003c59   Thumb Code     0  dmul.o(x$fpl$dmul)
    _dmul                                    0x08003c59   Thumb Code   332  dmul.o(x$fpl$dmul)
    __fpl_dnaninf                            0x08003dad   Thumb Code   156  dnaninf.o(x$fpl$dnaninf)
    __fpl_dretinf                            0x08003e49   Thumb Code    12  dretinf.o(x$fpl$dretinf)
    __aeabi_dsub                             0x08003e55   Thumb Code     0  daddsub_clz.o(x$fpl$dsub)
    _dsub                                    0x08003e55   Thumb Code   464  daddsub_clz.o(x$fpl$dsub)
    _fp_init                                 0x08004029   Thumb Code    10  fpinit.o(x$fpl$fpinit)
    __fplib_config_fpu_vfp                   0x08004031   Thumb Code     0  fpinit.o(x$fpl$fpinit)
    __fplib_config_pureend_doubles           0x08004031   Thumb Code     0  fpinit.o(x$fpl$fpinit)
    __I$use$fp                               0x08004032   Number         0  usenofp.o(x$fpl$usenofp)
    bitmap1                                  0x0803cbb4   Data         336  main.o(.constdata)
    scorearray                               0x0803cd04   Data          16  main.o(.constdata)
    AHBPrescTable                            0x0803cd14   Data          16  system_stm32f4xx.o(.constdata)
    APBPrescTable                            0x0803cd24   Data           8  system_stm32f4xx.o(.constdata)
    FontLarge                                0x0803cd2c   Data        1235  ili9225.o(.constdata)
    Region$$Table$$Base                      0x0803d258   Number         0  anon$$obj.o(Region$$Table)
    Region$$Table$$Limit                     0x0803d278   Number         0  anon$$obj.o(Region$$Table)
    bird_image                               0x20000000   Data         988  main.o(.data)
    melody                                   0x200003dc   Data          50  main.o(.data)
    noteDurations                            0x2000040e   Data          50  main.o(.data)
    mario_melody                             0x20000440   Data          94  main.o(.data)
    mario_duration                           0x2000049e   Data          94  main.o(.data)
    adc_x                                    0x200004fc   Data           2  main.o(.data)
    adc_y                                    0x200004fe   Data           2  main.o(.data)
    dem                                      0x20000500   Data           2  main.o(.data)
    adc_triggered                            0x20000504   Data           4  main.o(.data)
    adc_pulse                                0x20000508   Data           4  main.o(.data)
    trang_thai_menu                          0x2000050c   Data           4  main.o(.data)
    game_running                             0x20000510   Data           4  main.o(.data)
    flappy_bird                              0x20000514   Data           4  main.o(.data)
    cursorx                                  0x20000518   Data           1  main.o(.data)
    cursory                                  0x20000519   Data           1  main.o(.data)
    cursorc                                  0x2000051a   Data           1  main.o(.data)
    score                                    0x2000051c   Data           4  main.o(.data)
    highscore                                0x20000520   Data           4  main.o(.data)
    gcount                                   0x20000524   Data           4  main.o(.data)
    keyold                                   0x20000528   Data           2  main.o(.data)
    downkeyrepeat                            0x2000052a   Data           1  main.o(.data)
    next                                     0x2000052b   Data           1  main.o(.data)
    fallspeed                                0x2000052c   Data           1  main.o(.data)
    fallcount                                0x2000052d   Data           1  main.o(.data)
    level                                    0x2000052e   Data           1  main.o(.data)
    gamestatus                               0x2000052f   Data           1  main.o(.data)
    lines                                    0x20000530   Data           1  main.o(.data)
    y_bird                                   0x20000532   Data           2  main.o(.data)
    c                                        0x20000534   Data           4  main.o(.data)
    score_old                                0x20000538   Data           4  main.o(.data)
    game_over                                0x2000053c   Data           4  main.o(.data)
    high_score                               0x20000540   Data           2  main.o(.data)
    x1                                       0x20000542   Data           2  main.o(.data)
    x2                                       0x20000544   Data           2  main.o(.data)
    heigh_pill1                              0x20000546   Data           2  main.o(.data)
    heigh_pill2                              0x20000548   Data           2  main.o(.data)
    x_com                                    0x2000054a   Data           2  main.o(.data)
    h_com                                    0x2000054c   Data           2  main.o(.data)
    bird_left                                0x20000550   Data           4  main.o(.data)
    bird_right                               0x20000554   Data           4  main.o(.data)
    bird_top                                 0x20000558   Data           4  main.o(.data)
    bird_bottom                              0x2000055c   Data           4  main.o(.data)
    uwTick                                   0x20000560   Data           4  stm32f4xx_hal.o(.data)
    uwTickPrio                               0x20000564   Data           4  stm32f4xx_hal.o(.data)
    uwTickFreq                               0x20000568   Data           1  stm32f4xx_hal.o(.data)
    SystemCoreClock                          0x2000056c   Data           4  system_stm32f4xx.o(.data)
    hspi1                                    0x20000570   Data          88  main.o(.bss)
    htim1                                    0x200005c8   Data          72  main.o(.bss)
    snake                                    0x20000610   Data         828  main.o(.bss)
    board                                    0x2000094c   Data         300  main.o(.bss)
    boardchange                              0x20000a78   Data         300  main.o(.bss)
    list_heigh                               0x20000ba4   Data          30  main.o(.bss)
    background                               0x20000bc2   Data         988  main.o(.bss)
    _random_number_data                      0x20000fa0   Data         228  rand.o(.bss)
    __libspace_start                         0x20001084   Data          96  libspace.o(.bss)
    __temporary_stack_top$libspace           0x200010e4   Data           0  libspace.o(.bss)



==============================================================================

Memory Map of the image

  Image Entry point : 0x08000199

  Load Region LR_IROM1 (Base: 0x08000000, Size: 0x0003d7e8, Max: 0x00080000, ABSOLUTE, COMPRESSED[0x0003d550])

    Execution Region ER_IROM1 (Exec base: 0x08000000, Load base: 0x08000000, Size: 0x0003d278, Max: 0x00080000, ABSOLUTE)

    Exec Addr    Load Addr    Size         Type   Attr      Idx    E Section Name        Object

    0x08000000   0x08000000   0x00000198   Data   RO            3    RESET               startup_stm32f411xe.o
    0x08000198   0x08000198   0x00000008   Code   RO         3344  * !!!main             c_w.l(__main.o)
    0x080001a0   0x080001a0   0x00000034   Code   RO         3628    !!!scatter          c_w.l(__scatter.o)
    0x080001d4   0x080001d4   0x0000005a   Code   RO         3626    !!dczerorl2         c_w.l(__dczerorl2.o)
    0x0800022e   0x0800022e   0x00000002   PAD
    0x08000230   0x08000230   0x0000001c   Code   RO         3630    !!handler_zi        c_w.l(__scatter_zi.o)
    0x0800024c   0x0800024c   0x00000000   Code   RO         3334    .ARM.Collect$$_printf_percent$$00000000  c_w.l(_printf_percent.o)
    0x0800024c   0x0800024c   0x00000006   Code   RO         3333    .ARM.Collect$$_printf_percent$$00000009  c_w.l(_printf_d.o)
    0x08000252   0x08000252   0x00000004   Code   RO         3407    .ARM.Collect$$_printf_percent$$00000017  c_w.l(_printf_percent_end.o)
    0x08000256   0x08000256   0x00000002   Code   RO         3552    .ARM.Collect$$libinit$$00000000  c_w.l(libinit.o)
    0x08000258   0x08000258   0x00000004   Code   RO         3408    .ARM.Collect$$libinit$$00000001  c_w.l(libinit2.o)
    0x0800025c   0x0800025c   0x00000000   Code   RO         3411    .ARM.Collect$$libinit$$00000004  c_w.l(libinit2.o)
    0x0800025c   0x0800025c   0x00000000   Code   RO         3414    .ARM.Collect$$libinit$$0000000A  c_w.l(libinit2.o)
    0x0800025c   0x0800025c   0x00000000   Code   RO         3416    .ARM.Collect$$libinit$$0000000C  c_w.l(libinit2.o)
    0x0800025c   0x0800025c   0x00000004   Code   RO         3417    .ARM.Collect$$libinit$$0000000D  c_w.l(libinit2.o)
    0x08000260   0x08000260   0x00000000   Code   RO         3418    .ARM.Collect$$libinit$$0000000E  c_w.l(libinit2.o)
    0x08000260   0x08000260   0x00000000   Code   RO         3421    .ARM.Collect$$libinit$$00000011  c_w.l(libinit2.o)
    0x08000260   0x08000260   0x00000000   Code   RO         3423    .ARM.Collect$$libinit$$00000013  c_w.l(libinit2.o)
    0x08000260   0x08000260   0x00000000   Code   RO         3425    .ARM.Collect$$libinit$$00000015  c_w.l(libinit2.o)
    0x08000260   0x08000260   0x00000000   Code   RO         3427    .ARM.Collect$$libinit$$00000017  c_w.l(libinit2.o)
    0x08000260   0x08000260   0x00000000   Code   RO         3429    .ARM.Collect$$libinit$$00000019  c_w.l(libinit2.o)
    0x08000260   0x08000260   0x00000000   Code   RO         3431    .ARM.Collect$$libinit$$0000001B  c_w.l(libinit2.o)
    0x08000260   0x08000260   0x00000000   Code   RO         3433    .ARM.Collect$$libinit$$0000001D  c_w.l(libinit2.o)
    0x08000260   0x08000260   0x00000000   Code   RO         3435    .ARM.Collect$$libinit$$0000001F  c_w.l(libinit2.o)
    0x08000260   0x08000260   0x00000000   Code   RO         3437    .ARM.Collect$$libinit$$00000021  c_w.l(libinit2.o)
    0x08000260   0x08000260   0x00000000   Code   RO         3439    .ARM.Collect$$libinit$$00000023  c_w.l(libinit2.o)
    0x08000260   0x08000260   0x00000000   Code   RO         3441    .ARM.Collect$$libinit$$00000025  c_w.l(libinit2.o)
    0x08000260   0x08000260   0x00000000   Code   RO         3445    .ARM.Collect$$libinit$$0000002C  c_w.l(libinit2.o)
    0x08000260   0x08000260   0x00000000   Code   RO         3447    .ARM.Collect$$libinit$$0000002E  c_w.l(libinit2.o)
    0x08000260   0x08000260   0x00000000   Code   RO         3449    .ARM.Collect$$libinit$$00000030  c_w.l(libinit2.o)
    0x08000260   0x08000260   0x00000000   Code   RO         3451    .ARM.Collect$$libinit$$00000032  c_w.l(libinit2.o)
    0x08000260   0x08000260   0x00000002   Code   RO         3452    .ARM.Collect$$libinit$$00000033  c_w.l(libinit2.o)
    0x08000262   0x08000262   0x00000002   Code   RO         3593    .ARM.Collect$$libshutdown$$00000000  c_w.l(libshutdown.o)
    0x08000264   0x08000264   0x00000000   Code   RO         3609    .ARM.Collect$$libshutdown$$00000002  c_w.l(libshutdown2.o)
    0x08000264   0x08000264   0x00000000   Code   RO         3611    .ARM.Collect$$libshutdown$$00000004  c_w.l(libshutdown2.o)
    0x08000264   0x08000264   0x00000000   Code   RO         3614    .ARM.Collect$$libshutdown$$00000007  c_w.l(libshutdown2.o)
    0x08000264   0x08000264   0x00000000   Code   RO         3617    .ARM.Collect$$libshutdown$$0000000A  c_w.l(libshutdown2.o)
    0x08000264   0x08000264   0x00000000   Code   RO         3619    .ARM.Collect$$libshutdown$$0000000C  c_w.l(libshutdown2.o)
    0x08000264   0x08000264   0x00000000   Code   RO         3622    .ARM.Collect$$libshutdown$$0000000F  c_w.l(libshutdown2.o)
    0x08000264   0x08000264   0x00000002   Code   RO         3623    .ARM.Collect$$libshutdown$$00000010  c_w.l(libshutdown2.o)
    0x08000266   0x08000266   0x00000000   Code   RO         3394    .ARM.Collect$$rtentry$$00000000  c_w.l(__rtentry.o)
    0x08000266   0x08000266   0x00000000   Code   RO         3491    .ARM.Collect$$rtentry$$00000002  c_w.l(__rtentry2.o)
    0x08000266   0x08000266   0x00000006   Code   RO         3503    .ARM.Collect$$rtentry$$00000004  c_w.l(__rtentry4.o)
    0x0800026c   0x0800026c   0x00000000   Code   RO         3493    .ARM.Collect$$rtentry$$00000009  c_w.l(__rtentry2.o)
    0x0800026c   0x0800026c   0x00000004   Code   RO         3494    .ARM.Collect$$rtentry$$0000000A  c_w.l(__rtentry2.o)
    0x08000270   0x08000270   0x00000000   Code   RO         3496    .ARM.Collect$$rtentry$$0000000C  c_w.l(__rtentry2.o)
    0x08000270   0x08000270   0x00000008   Code   RO         3497    .ARM.Collect$$rtentry$$0000000D  c_w.l(__rtentry2.o)
    0x08000278   0x08000278   0x00000002   Code   RO         3555    .ARM.Collect$$rtexit$$00000000  c_w.l(rtexit.o)
    0x0800027a   0x0800027a   0x00000000   Code   RO         3575    .ARM.Collect$$rtexit$$00000002  c_w.l(rtexit2.o)
    0x0800027a   0x0800027a   0x00000004   Code   RO         3576    .ARM.Collect$$rtexit$$00000003  c_w.l(rtexit2.o)
    0x0800027e   0x0800027e   0x00000006   Code   RO         3577    .ARM.Collect$$rtexit$$00000004  c_w.l(rtexit2.o)
    0x08000284   0x08000284   0x00000034   Code   RO         3335    .emb_text           c_w.l(rand.o)
    0x080002b8   0x080002b8   0x00000040   Code   RO            4    .text               startup_stm32f411xe.o
    0x080002f8   0x080002f8   0x000000ee   Code   RO         3303    .text               c_w.l(lludivv7m.o)
    0x080003e6   0x080003e6   0x00000002   PAD
    0x080003e8   0x080003e8   0x00000028   Code   RO         3307    .text               c_w.l(noretval__2sprintf.o)
    0x08000410   0x08000410   0x00000068   Code   RO         3309    .text               c_w.l(__printf.o)
    0x08000478   0x08000478   0x00000078   Code   RO         3311    .text               c_w.l(_printf_dec.o)
    0x080004f0   0x080004f0   0x0000003c   Code   RO         3336    .text               c_w.l(rand.o)
    0x0800052c   0x0800052c   0x0000004e   Code   RO         3340    .text               c_w.l(rt_memclr_w.o)
    0x0800057a   0x0800057a   0x00000006   Code   RO         3342    .text               c_w.l(heapauxi.o)
    0x08000580   0x08000580   0x000000b2   Code   RO         3401    .text               c_w.l(_printf_intcommon.o)
    0x08000632   0x08000632   0x00000002   PAD
    0x08000634   0x08000634   0x00000030   Code   RO         3403    .text               c_w.l(_printf_char_common.o)
    0x08000664   0x08000664   0x0000000a   Code   RO         3405    .text               c_w.l(_sputc.o)
    0x0800066e   0x0800066e   0x00000002   PAD
    0x08000670   0x08000670   0x00000008   Code   RO         3532    .text               c_w.l(libspace.o)
    0x08000678   0x08000678   0x0000004a   Code   RO         3535    .text               c_w.l(sys_stackheap_outer.o)
    0x080006c2   0x080006c2   0x00000012   Code   RO         3537    .text               c_w.l(exit.o)
    0x080006d4   0x080006d4   0x0000000c   Code   RO         3569    .text               c_w.l(sys_exit.o)
    0x080006e0   0x080006e0   0x00000002   Code   RO         3571    .text               c_w.l(use_no_semi.o)
    0x080006e2   0x080006e2   0x00000000   Code   RO         3573    .text               c_w.l(indicate_semi.o)
    0x080006e2   0x080006e2   0x00000002   PAD
    0x080006e4   0x080006e4   0x0000006c   Code   RO           13    i.ADC_init          main.o
    0x08000750   0x08000750   0x0000003c   Code   RO           14    i.Bird_Fly          main.o
    0x0800078c   0x0800078c   0x00000004   Code   RO          276    i.BusFault_Handler  stm32f4xx_it.o
    0x08000790   0x08000790   0x0000005c   Code   RO           15    i.Buzzer_PlayTone   main.o
    0x080007ec   0x080007ec   0x00000034   Code   RO           16    i.Buzzer_SetFrequency  main.o
    0x08000820   0x08000820   0x00000002   Code   RO          277    i.DebugMon_Handler  stm32f4xx_it.o
    0x08000822   0x08000822   0x00000072   Code   RO           17    i.Draw_Pillar       main.o
    0x08000894   0x08000894   0x00000006   Code   RO           18    i.Error_Handler     main.o
    0x0800089a   0x0800089a   0x00000002   PAD
    0x0800089c   0x0800089c   0x000000dc   Code   RO           19    i.Game_Over         main.o
    0x08000978   0x08000978   0x00000028   Code   RO         1752    i.HAL_Delay         stm32f4xx_hal.o
    0x080009a0   0x080009a0   0x000001c8   Code   RO         1191    i.HAL_GPIO_Init     stm32f4xx_hal_gpio.o
    0x08000b68   0x08000b68   0x00000010   Code   RO         1193    i.HAL_GPIO_ReadPin  stm32f4xx_hal_gpio.o
    0x08000b78   0x08000b78   0x0000000c   Code   RO         1195    i.HAL_GPIO_WritePin  stm32f4xx_hal_gpio.o
    0x08000b84   0x08000b84   0x0000000c   Code   RO         1758    i.HAL_GetTick       stm32f4xx_hal.o
    0x08000b90   0x08000b90   0x00000018   Code   RO         1764    i.HAL_IncTick       stm32f4xx_hal.o
    0x08000ba8   0x08000ba8   0x0000003c   Code   RO         1765    i.HAL_Init          stm32f4xx_hal.o
    0x08000be4   0x08000be4   0x0000004c   Code   RO         1766    i.HAL_InitTick      stm32f4xx_hal.o
    0x08000c30   0x08000c30   0x00000048   Code   RO          351    i.HAL_MspInit       stm32f4xx_hal_msp.o
    0x08000c78   0x08000c78   0x0000007c   Code   RO         1611    i.HAL_NVIC_SetPriority  stm32f4xx_hal_cortex.o
    0x08000cf4   0x08000cf4   0x00000028   Code   RO         1612    i.HAL_NVIC_SetPriorityGrouping  stm32f4xx_hal_cortex.o
    0x08000d1c   0x08000d1c   0x00000184   Code   RO          728    i.HAL_RCC_ClockConfig  stm32f4xx_hal_rcc.o
    0x08000ea0   0x08000ea0   0x000000b0   Code   RO          737    i.HAL_RCC_GetSysClockFreq  stm32f4xx_hal_rcc.o
    0x08000f50   0x08000f50   0x0000049c   Code   RO          740    i.HAL_RCC_OscConfig  stm32f4xx_hal_rcc.o
    0x080013ec   0x080013ec   0x000000c8   Code   RO          416    i.HAL_SPI_Init      stm32f4xx_hal_spi.o
    0x080014b4   0x080014b4   0x00000088   Code   RO          353    i.HAL_SPI_MspInit   stm32f4xx_hal_msp.o
    0x0800153c   0x0800153c   0x000001bc   Code   RO          424    i.HAL_SPI_Transmit  stm32f4xx_hal_spi.o
    0x080016f8   0x080016f8   0x00000034   Code   RO         1616    i.HAL_SYSTICK_Config  stm32f4xx_hal_cortex.o
    0x0800172c   0x0800172c   0x00000074   Code   RO         2723    i.HAL_TIMEx_ConfigBreakDeadTime  stm32f4xx_hal_tim_ex.o
    0x080017a0   0x080017a0   0x0000009c   Code   RO         2739    i.HAL_TIMEx_MasterConfigSynchronization  stm32f4xx_hal_tim_ex.o
    0x0800183c   0x0800183c   0x00000066   Code   RO         2005    i.HAL_TIM_Base_Init  stm32f4xx_hal_tim.o
    0x080018a2   0x080018a2   0x00000002   PAD
    0x080018a4   0x080018a4   0x00000034   Code   RO          355    i.HAL_TIM_Base_MspInit  stm32f4xx_hal_msp.o
    0x080018d8   0x080018d8   0x0000010c   Code   RO         2014    i.HAL_TIM_ConfigClockSource  stm32f4xx_hal_tim.o
    0x080019e4   0x080019e4   0x00000060   Code   RO          356    i.HAL_TIM_MspPostInit  stm32f4xx_hal_msp.o
    0x08001a44   0x08001a44   0x00000104   Code   RO         2077    i.HAL_TIM_PWM_ConfigChannel  stm32f4xx_hal_tim.o
    0x08001b48   0x08001b48   0x00000066   Code   RO         2080    i.HAL_TIM_PWM_Init  stm32f4xx_hal_tim.o
    0x08001bae   0x08001bae   0x00000002   Code   RO         2082    i.HAL_TIM_PWM_MspInit  stm32f4xx_hal_tim.o
    0x08001bb0   0x08001bb0   0x000000ec   Code   RO         2085    i.HAL_TIM_PWM_Start  stm32f4xx_hal_tim.o
    0x08001c9c   0x08001c9c   0x00000004   Code   RO          278    i.HardFault_Handler  stm32f4xx_it.o
    0x08001ca0   0x08001ca0   0x000000d8   Code   RO           20    i.Init_Game         main.o
    0x08001d78   0x08001d78   0x00000020   Code   RO           21    i.Init_Heigh_Pill   main.o
    0x08001d98   0x08001d98   0x000000cc   Code   RO           22    i.MX_GPIO_Init      main.o
    0x08001e64   0x08001e64   0x00000048   Code   RO           23    i.MX_SPI1_Init      main.o
    0x08001eac   0x08001eac   0x000000d8   Code   RO           24    i.MX_TIM1_Init      main.o
    0x08001f84   0x08001f84   0x00000004   Code   RO          279    i.MemManage_Handler  stm32f4xx_it.o
    0x08001f88   0x08001f88   0x00000004   Code   RO          280    i.NMI_Handler       stm32f4xx_it.o
    0x08001f8c   0x08001f8c   0x00000002   Code   RO          281    i.PendSV_Handler    stm32f4xx_it.o
    0x08001f8e   0x08001f8e   0x0000006e   Code   RO           25    i.Print_Score       main.o
    0x08001ffc   0x08001ffc   0x0000002c   Code   RO           26    i.Read_ADC          main.o
    0x08002028   0x08002028   0x00000024   Code   RO           27    i.Read_ADC_Avg      main.o
    0x0800204c   0x0800204c   0x00000088   Code   RO          454    i.SPI_EndRxTxTransaction  stm32f4xx_hal_spi.o
    0x080020d4   0x080020d4   0x000000d8   Code   RO          459    i.SPI_WaitFlagStateUntilTimeout  stm32f4xx_hal_spi.o
    0x080021ac   0x080021ac   0x00000002   Code   RO          282    i.SVC_Handler       stm32f4xx_it.o
    0x080021ae   0x080021ae   0x00000008   Code   RO          283    i.SysTick_Handler   stm32f4xx_it.o
    0x080021b6   0x080021b6   0x00000002   PAD
    0x080021b8   0x080021b8   0x000000b4   Code   RO           28    i.SystemClock_Config  main.o
    0x0800226c   0x0800226c   0x000000c0   Code   RO         2987    i.SystemCoreClockUpdate  system_stm32f4xx.o
    0x0800232c   0x0800232c   0x00000014   Code   RO         2988    i.SystemInit        system_stm32f4xx.o
    0x08002340   0x08002340   0x000000b4   Code   RO         2098    i.TIM_Base_SetConfig  stm32f4xx_hal_tim.o
    0x080023f4   0x080023f4   0x00000022   Code   RO         2099    i.TIM_CCxChannelCmd  stm32f4xx_hal_tim.o
    0x08002416   0x08002416   0x00000016   Code   RO         2109    i.TIM_ETR_SetConfig  stm32f4xx_hal_tim.o
    0x0800242c   0x0800242c   0x00000012   Code   RO         2110    i.TIM_ITRx_SetConfig  stm32f4xx_hal_tim.o
    0x0800243e   0x0800243e   0x00000002   PAD
    0x08002440   0x08002440   0x00000060   Code   RO         2111    i.TIM_OC1_SetConfig  stm32f4xx_hal_tim.o
    0x080024a0   0x080024a0   0x00000068   Code   RO         2112    i.TIM_OC2_SetConfig  stm32f4xx_hal_tim.o
    0x08002508   0x08002508   0x00000068   Code   RO         2113    i.TIM_OC3_SetConfig  stm32f4xx_hal_tim.o
    0x08002570   0x08002570   0x00000048   Code   RO         2114    i.TIM_OC4_SetConfig  stm32f4xx_hal_tim.o
    0x080025b8   0x080025b8   0x00000026   Code   RO         2116    i.TIM_TI1_ConfigInputStage  stm32f4xx_hal_tim.o
    0x080025de   0x080025de   0x00000028   Code   RO         2118    i.TIM_TI2_ConfigInputStage  stm32f4xx_hal_tim.o
    0x08002606   0x08002606   0x00000004   Code   RO          284    i.UsageFault_Handler  stm32f4xx_it.o
    0x0800260a   0x0800260a   0x00000002   PAD
    0x0800260c   0x0800260c   0x00000010   Code   RO         1618    i.__NVIC_GetPriorityGrouping  stm32f4xx_hal_cortex.o
    0x0800261c   0x0800261c   0x00000028   Code   RO         1619    i.__NVIC_SetPriority  stm32f4xx_hal_cortex.o
    0x08002644   0x08002644   0x00000078   Code   RO         3025    i.delay_ms          ili9225.o
    0x080026bc   0x080026bc   0x000000c6   Code   RO         3027    i.drawCircle        ili9225.o
    0x08002782   0x08002782   0x00000002   PAD
    0x08002784   0x08002784   0x000000a0   Code   RO         3033    i.draw_char         ili9225.o
    0x08002824   0x08002824   0x000000d6   Code   RO         3036    i.draw_map          ili9225.o
    0x080028fa   0x080028fa   0x00000028   Code   RO         3037    i.draw_pixel        ili9225.o
    0x08002922   0x08002922   0x0000003e   Code   RO         3039    i.draw_string       ili9225.o
    0x08002960   0x08002960   0x00000074   Code   RO         3042    i.fill_rectangle    ili9225.o
    0x080029d4   0x080029d4   0x000000bc   Code   RO         3217    i.game_draw         snake.o
    0x08002a90   0x08002a90   0x00000028   Code   RO         3218    i.game_go_down      snake.o
    0x08002ab8   0x08002ab8   0x00000028   Code   RO         3219    i.game_go_left      snake.o
    0x08002ae0   0x08002ae0   0x00000028   Code   RO         3220    i.game_go_right     snake.o
    0x08002b08   0x08002b08   0x00000028   Code   RO         3221    i.game_go_up        snake.o
    0x08002b30   0x08002b30   0x000000ac   Code   RO         3222    i.game_init         snake.o
    0x08002bdc   0x08002bdc   0x000000b4   Code   RO         3223    i.game_loss_check   snake.o
    0x08002c90   0x08002c90   0x000000ac   Code   RO         3224    i.game_move         snake.o
    0x08002d3c   0x08002d3c   0x00000068   Code   RO         3225    i.game_new_apple    snake.o
    0x08002da4   0x08002da4   0x0000001c   Code   RO           29    i.is_button_pressed  main.o
    0x08002dc0   0x08002dc0   0x0000001c   Code   RO           30    i.is_button_pressed1  main.o
    0x08002ddc   0x08002ddc   0x0000001c   Code   RO           31    i.is_button_pressed2  main.o
    0x08002df8   0x08002df8   0x0000001c   Code   RO           32    i.is_button_pressed3  main.o
    0x08002e14   0x08002e14   0x0000005c   Code   RO         3043    i.lcd_init          ili9225.o
    0x08002e70   0x08002e70   0x000001b8   Code   RO         3044    i.lcd_init_command_list  ili9225.o
    0x08003028   0x08003028   0x00000034   Code   RO         3045    i.lcd_write_command  ili9225.o
    0x0800305c   0x0800305c   0x00000034   Code   RO         3046    i.lcd_write_data    ili9225.o
    0x08003090   0x08003090   0x00000024   Code   RO         3047    i.lcd_write_register  ili9225.o
    0x080030b4   0x080030b4   0x00000880   Code   RO           33    i.main              main.o
    0x08003934   0x08003934   0x00000074   Code   RO         3048    i.set_draw_window   ili9225.o
    0x080039a8   0x080039a8   0x00000014   Code   RO         3049    i.spi_write         ili9225.o
    0x080039bc   0x080039bc   0x0000000a   Code   RO         3050    i.swap_char         ili9225.o
    0x080039c6   0x080039c6   0x00000002   PAD
    0x080039c8   0x080039c8   0x00000150   Code   RO         3346    x$fpl$dadd          fz_wm.l(daddsub_clz.o)
    0x08003b18   0x08003b18   0x00000018   Code   RO         3455    x$fpl$dcmpinf       fz_wm.l(dcmpi.o)
    0x08003b30   0x08003b30   0x00000078   Code   RO         3352    x$fpl$deqf          fz_wm.l(deqf.o)
    0x08003ba8   0x08003ba8   0x0000005a   Code   RO         3358    x$fpl$dfixu         fz_wm.l(dfixu.o)
    0x08003c02   0x08003c02   0x0000002e   Code   RO         3363    x$fpl$dflt          fz_wm.l(dflt_clz.o)
    0x08003c30   0x08003c30   0x00000026   Code   RO         3362    x$fpl$dfltu         fz_wm.l(dflt_clz.o)
    0x08003c56   0x08003c56   0x00000002   PAD
    0x08003c58   0x08003c58   0x00000154   Code   RO         3368    x$fpl$dmul          fz_wm.l(dmul.o)
    0x08003dac   0x08003dac   0x0000009c   Code   RO         3457    x$fpl$dnaninf       fz_wm.l(dnaninf.o)
    0x08003e48   0x08003e48   0x0000000c   Code   RO         3459    x$fpl$dretinf       fz_wm.l(dretinf.o)
    0x08003e54   0x08003e54   0x000001d4   Code   RO         3348    x$fpl$dsub          fz_wm.l(daddsub_clz.o)
    0x08004028   0x08004028   0x0000000a   Code   RO         3520    x$fpl$fpinit        fz_wm.l(fpinit.o)
    0x08004032   0x08004032   0x00000000   Code   RO         3461    x$fpl$usenofp       fz_wm.l(usenofp.o)
    0x08004032   0x08004032   0x00000002   PAD
    0x08004034   0x08004034   0x00038ce0   Data   RO           35    .constdata          main.o
    0x0803cd14   0x0803cd14   0x00000018   Data   RO         2989    .constdata          system_stm32f4xx.o
    0x0803cd2c   0x0803cd2c   0x000004d3   Data   RO         3052    .constdata          ili9225.o
    0x0803d1ff   0x0803d1ff   0x00000001   PAD
    0x0803d200   0x0803d200   0x00000058   Data   RO         3226    .constdata          snake.o
    0x0803d258   0x0803d258   0x00000020   Data   RO         3624    Region$$Table       anon$$obj.o


    Execution Region RW_IRAM1 (Exec base: 0x20000000, Load base: 0x0803d278, Size: 0x000016e8, Max: 0x00020000, ABSOLUTE, COMPRESSED[0x000002d8])

    Exec Addr    Load Addr    Size         Type   Attr      Idx    E Section Name        Object

    0x20000000   COMPRESSED   0x00000560   Data   RW           36    .data               main.o
    0x20000560   COMPRESSED   0x00000009   Data   RW         1772    .data               stm32f4xx_hal.o
    0x20000569   COMPRESSED   0x00000003   PAD
    0x2000056c   COMPRESSED   0x00000004   Data   RW         2990    .data               system_stm32f4xx.o
    0x20000570        -       0x00000a2e   Zero   RW           34    .bss                main.o
    0x20000f9e   COMPRESSED   0x00000002   PAD
    0x20000fa0        -       0x000000e4   Zero   RW         3337    .bss                c_w.l(rand.o)
    0x20001084        -       0x00000060   Zero   RW         3533    .bss                c_w.l(libspace.o)
    0x200010e4   COMPRESSED   0x00000004   PAD
    0x200010e8        -       0x00000200   Zero   RW            2    HEAP                startup_stm32f411xe.o
    0x200012e8        -       0x00000400   Zero   RW            1    STACK               startup_stm32f411xe.o


==============================================================================

Image component sizes


      Code (inc. data)   RO Data    RW Data    ZI Data      Debug   Object Name

      1728         86       1235          0          0      12794   ili9225.o
      4050        450     232672       1376       2606     436673   main.o
       976         50         88          0          0       7642   snake.o
        64         26        408          0       1536        896   startup_stm32f411xe.o
       212         36          0          9          0       9669   stm32f4xx_hal.o
       272         22          0          0          0      33938   stm32f4xx_hal_cortex.o
       484         32          0          0          0       2967   stm32f4xx_hal_gpio.o
       356         38          0          0          0       3149   stm32f4xx_hal_msp.o
      1744         58          0          0          0       4100   stm32f4xx_hal_rcc.o
       996         14          0          0          0       4630   stm32f4xx_hal_spi.o
      1678         72          0          0          0      13334   stm32f4xx_hal_tim.o
       272         22          0          0          0       2340   stm32f4xx_hal_tim_ex.o
        34          0          0          0          0       4682   stm32f4xx_it.o
       212         28         24          4          0       2011   system_stm32f4xx.o

    ----------------------------------------------------------------------
     13092        934     234460       1392       4144     538825   Object Totals
         0          0         32          0          0          0   (incl. Generated)
        14          0          1          3          2          0   (incl. Padding)

    ----------------------------------------------------------------------

      Code (inc. data)   RO Data    RW Data    ZI Data      Debug   Library Member Name

        90          0          0          0          0          0   __dczerorl2.o
         8          0          0          0          0         68   __main.o
       104          0          0          0          0         84   __printf.o
         0          0          0          0          0          0   __rtentry.o
        12          0          0          0          0          0   __rtentry2.o
         6          0          0          0          0          0   __rtentry4.o
        52          8          0          0          0          0   __scatter.o
        28          0          0          0          0          0   __scatter_zi.o
        48          6          0          0          0         96   _printf_char_common.o
         6          0          0          0          0          0   _printf_d.o
       120         16          0          0          0         92   _printf_dec.o
       178          0          0          0          0         88   _printf_intcommon.o
         0          0          0          0          0          0   _printf_percent.o
         4          0          0          0          0          0   _printf_percent_end.o
        10          0          0          0          0         68   _sputc.o
        18          0          0          0          0         80   exit.o
         6          0          0          0          0        152   heapauxi.o
         0          0          0          0          0          0   indicate_semi.o
         2          0          0          0          0          0   libinit.o
        10          0          0          0          0          0   libinit2.o
         2          0          0          0          0          0   libshutdown.o
         2          0          0          0          0          0   libshutdown2.o
         8          4          0          0         96         68   libspace.o
       238          0          0          0          0        100   lludivv7m.o
        40          6          0          0          0         84   noretval__2sprintf.o
       112         18          0          0        228        160   rand.o
        78          0          0          0          0         80   rt_memclr_w.o
         2          0          0          0          0          0   rtexit.o
        10          0          0          0          0          0   rtexit2.o
        12          4          0          0          0         68   sys_exit.o
        74          0          0          0          0         80   sys_stackheap_outer.o
         2          0          0          0          0         68   use_no_semi.o
       804         16          0          0          0        368   daddsub_clz.o
        24          0          0          0          0        116   dcmpi.o
       120          4          0          0          0        140   deqf.o
        90          4          0          0          0        140   dfixu.o
        84          0          0          0          0        232   dflt_clz.o
       340         12          0          0          0        152   dmul.o
       156          4          0          0          0        140   dnaninf.o
        12          0          0          0          0        116   dretinf.o
        10          0          0          0          0        116   fpinit.o
         0          0          0          0          0          0   usenofp.o

    ----------------------------------------------------------------------
      2936        102          0          0        328       2956   Library Totals
        14          0          0          0          4          0   (incl. Padding)

    ----------------------------------------------------------------------

      Code (inc. data)   RO Data    RW Data    ZI Data      Debug   Library Name

      1282         62          0          0        324       1436   c_w.l
      1640         40          0          0          0       1520   fz_wm.l

    ----------------------------------------------------------------------
      2936        102          0          0        328       2956   Library Totals

    ----------------------------------------------------------------------

==============================================================================


      Code (inc. data)   RO Data    RW Data    ZI Data      Debug   

     16028       1036     234460       1392       4472     530905   Grand Totals
     16028       1036     234460        728       4472     530905   ELF Image Totals (compressed)
     16028       1036     234460        728          0          0   ROM Totals

==============================================================================

    Total RO  Size (Code + RO Data)               250488 ( 244.62kB)
    Total RW  Size (RW Data + ZI Data)              5864 (   5.73kB)
    Total ROM Size (Code + RO Data + RW Data)     251216 ( 245.33kB)

==============================================================================

